Component: ARM Compiler 5.06 update 5 (build 528) Tool: armlink [4d35e2]

==============================================================================

Section Cross References

    event_groups.o(i.vEventGroupClearBitsCallback) refers to event_groups.o(i.xEventGroupClearBits) for xEventGroupClearBits
    event_groups.o(i.vEventGroupDelete) refers to tasks.o(i.vTaskSuspendAll) for vTaskSuspendAll
    event_groups.o(i.vEventGroupDelete) refers to tasks.o(i.vTaskRemoveFromUnorderedEventList) for vTaskRemoveFromUnorderedEventList
    event_groups.o(i.vEventGroupDelete) refers to tasks.o(i.xTaskResumeAll) for xTaskResumeAll
    event_groups.o(i.vEventGroupDelete) refers to heap_4.o(i.vPortFree) for vPortFree
    event_groups.o(i.vEventGroupSetBitsCallback) refers to event_groups.o(i.xEventGroupSetBits) for xEventGroupSetBits
    event_groups.o(i.xEventGroupClearBits) refers to port.o(i.vPortEnterCritical) for vPortEnterCritical
    event_groups.o(i.xEventGroupClearBits) refers to port.o(i.vPortExitCritical) for vPortExitCritical
    event_groups.o(i.xEventGroupCreate) refers to heap_4.o(i.pvPortMalloc) for pvPortMalloc
    event_groups.o(i.xEventGroupCreate) refers to list.o(i.vListInitialise) for vListInitialise
    event_groups.o(i.xEventGroupSetBits) refers to tasks.o(i.vTaskSuspendAll) for vTaskSuspendAll
    event_groups.o(i.xEventGroupSetBits) refers to tasks.o(i.vTaskRemoveFromUnorderedEventList) for vTaskRemoveFromUnorderedEventList
    event_groups.o(i.xEventGroupSetBits) refers to tasks.o(i.xTaskResumeAll) for xTaskResumeAll
    event_groups.o(i.xEventGroupSync) refers to tasks.o(i.vTaskSuspendAll) for vTaskSuspendAll
    event_groups.o(i.xEventGroupSync) refers to event_groups.o(i.xEventGroupSetBits) for xEventGroupSetBits
    event_groups.o(i.xEventGroupSync) refers to tasks.o(i.vTaskPlaceOnUnorderedEventList) for vTaskPlaceOnUnorderedEventList
    event_groups.o(i.xEventGroupSync) refers to tasks.o(i.xTaskResumeAll) for xTaskResumeAll
    event_groups.o(i.xEventGroupSync) refers to tasks.o(i.uxTaskResetEventItemValue) for uxTaskResetEventItemValue
    event_groups.o(i.xEventGroupSync) refers to port.o(i.vPortEnterCritical) for vPortEnterCritical
    event_groups.o(i.xEventGroupSync) refers to port.o(i.vPortExitCritical) for vPortExitCritical
    event_groups.o(i.xEventGroupWaitBits) refers to tasks.o(i.vTaskSuspendAll) for vTaskSuspendAll
    event_groups.o(i.xEventGroupWaitBits) refers to event_groups.o(i.prvTestWaitCondition) for prvTestWaitCondition
    event_groups.o(i.xEventGroupWaitBits) refers to tasks.o(i.vTaskPlaceOnUnorderedEventList) for vTaskPlaceOnUnorderedEventList
    event_groups.o(i.xEventGroupWaitBits) refers to tasks.o(i.xTaskResumeAll) for xTaskResumeAll
    event_groups.o(i.xEventGroupWaitBits) refers to tasks.o(i.uxTaskResetEventItemValue) for uxTaskResetEventItemValue
    event_groups.o(i.xEventGroupWaitBits) refers to port.o(i.vPortEnterCritical) for vPortEnterCritical
    event_groups.o(i.xEventGroupWaitBits) refers to port.o(i.vPortExitCritical) for vPortExitCritical
    queue.o(i.prvCopyDataFromQueue) refers to rt_memcpy_v6.o(.text) for __aeabi_memcpy
    queue.o(i.prvCopyDataToQueue) refers to tasks.o(i.xTaskPriorityDisinherit) for xTaskPriorityDisinherit
    queue.o(i.prvCopyDataToQueue) refers to rt_memcpy_v6.o(.text) for __aeabi_memcpy
    queue.o(i.prvInitialiseMutex) refers to queue.o(i.xQueueGenericSend) for xQueueGenericSend
    queue.o(i.prvInitialiseNewQueue) refers to queue.o(i.xQueueGenericReset) for xQueueGenericReset
    queue.o(i.prvIsQueueEmpty) refers to port.o(i.vPortEnterCritical) for vPortEnterCritical
    queue.o(i.prvIsQueueEmpty) refers to port.o(i.vPortExitCritical) for vPortExitCritical
    queue.o(i.prvIsQueueFull) refers to port.o(i.vPortEnterCritical) for vPortEnterCritical
    queue.o(i.prvIsQueueFull) refers to port.o(i.vPortExitCritical) for vPortExitCritical
    queue.o(i.prvNotifyQueueSetContainer) refers to queue.o(i.prvCopyDataToQueue) for prvCopyDataToQueue
    queue.o(i.prvNotifyQueueSetContainer) refers to tasks.o(i.xTaskRemoveFromEventList) for xTaskRemoveFromEventList
    queue.o(i.prvNotifyQueueSetContainer) refers to tasks.o(i.uxTaskGetNumberOfTasks) for uxTaskGetNumberOfTasks
    queue.o(i.prvUnlockQueue) refers to port.o(i.vPortEnterCritical) for vPortEnterCritical
    queue.o(i.prvUnlockQueue) refers to queue.o(i.prvNotifyQueueSetContainer) for prvNotifyQueueSetContainer
    queue.o(i.prvUnlockQueue) refers to tasks.o(i.vTaskMissedYield) for vTaskMissedYield
    queue.o(i.prvUnlockQueue) refers to tasks.o(i.xTaskRemoveFromEventList) for xTaskRemoveFromEventList
    queue.o(i.prvUnlockQueue) refers to port.o(i.vPortExitCritical) for vPortExitCritical
    queue.o(i.uxQueueMessagesWaiting) refers to port.o(i.vPortEnterCritical) for vPortEnterCritical
    queue.o(i.uxQueueMessagesWaiting) refers to port.o(i.vPortExitCritical) for vPortExitCritical
[...]
    i.prvIdleTask                            0x0800392c   Section        0  tasks.o(i.prvIdleTask)
    prvIdleTask                              0x0800392d   Thumb Code    32  tasks.o(i.prvIdleTask)
    i.prvInitialiseNewTask                   0x08003954   Section        0  tasks.o(i.prvInitialiseNewTask)
    prvInitialiseNewTask                     0x08003955   Thumb Code   124  tasks.o(i.prvInitialiseNewTask)
    i.prvInitialiseTaskLists                 0x080039d0   Section        0  tasks.o(i.prvInitialiseTaskLists)
    prvInitialiseTaskLists                   0x080039d1   Thumb Code    70  tasks.o(i.prvInitialiseTaskLists)
    i.prvInsertBlockIntoFreeList             0x08003a38   Section        0  heap_4.o(i.prvInsertBlockIntoFreeList)
    prvInsertBlockIntoFreeList               0x08003a39   Thumb Code    96  heap_4.o(i.prvInsertBlockIntoFreeList)
    i.prvResetNextTaskUnblockTime            0x08003aa0   Section        0  tasks.o(i.prvResetNextTaskUnblockTime)
    prvResetNextTaskUnblockTime              0x08003aa1   Thumb Code    40  tasks.o(i.prvResetNextTaskUnblockTime)
    i.prvTaskExitError                       0x08003ad0   Section        0  port.o(i.prvTaskExitError)
    prvTaskExitError                         0x08003ad1   Thumb Code    22  port.o(i.prvTaskExitError)
    i.prvTestWaitCondition                   0x08003ae6   Section        0  event_groups.o(i.prvTestWaitCondition)
    prvTestWaitCondition                     0x08003ae7   Thumb Code    30  event_groups.o(i.prvTestWaitCondition)
    i.pvPortMalloc                           0x08003b04   Section        0  heap_4.o(i.pvPortMalloc)
    i.pxPortInitialiseStack                  0x08003be8   Section        0  port.o(i.pxPortInitialiseStack)
    i.u3_printf                              0x08003c0c   Section        0  myuart3.o(i.u3_printf)
    i.uxListRemove                           0x08003c58   Section        0  list.o(i.uxListRemove)
    i.uxTaskResetEventItemValue              0x08003c80   Section        0  tasks.o(i.uxTaskResetEventItemValue)
    i.vListInitialise                        0x08003c9c   Section        0  list.o(i.vListInitialise)
    i.vListInitialiseItem                    0x08003cb6   Section        0  list.o(i.vListInitialiseItem)
    i.vListInsert                            0x08003cbc   Section        0  list.o(i.vListInsert)
    i.vListInsertEnd                         0x08003cf0   Section        0  list.o(i.vListInsertEnd)
    i.vPortEnterCritical                     0x08003d08   Section        0  port.o(i.vPortEnterCritical)
    i.vPortExitCritical                      0x08003d2c   Section        0  port.o(i.vPortExitCritical)
    i.vPortFree                              0x08003d4c   Section        0  heap_4.o(i.vPortFree)
    i.vPortSetupTimerInterrupt               0x08003d98   Section        0  port.o(i.vPortSetupTimerInterrupt)
    i.vTaskDelay                             0x08003db0   Section        0  tasks.o(i.vTaskDelay)
    i.vTaskDelete                            0x08003de4   Section        0  tasks.o(i.vTaskDelete)
    i.vTaskPlaceOnUnorderedEventList         0x08003eb8   Section        0  tasks.o(i.vTaskPlaceOnUnorderedEventList)
    i.vTaskRemoveFromUnorderedEventList      0x08003f08   Section        0  tasks.o(i.vTaskRemoveFromUnorderedEventList)
    i.vTaskStartScheduler                    0x08003fd8   Section        0  tasks.o(i.vTaskStartScheduler)
    i.vTaskSuspendAll                        0x08004044   Section        0  tasks.o(i.vTaskSuspendAll)
    i.vTaskSwitchContext                     0x08004054   Section        0  tasks.o(i.vTaskSwitchContext)
    i.xEventGroupCreate                      0x080040b4   Section        0  event_groups.o(i.xEventGroupCreate)
    i.xEventGroupSetBits                     0x080040ce   Section        0  event_groups.o(i.xEventGroupSetBits)
    i.xEventGroupWaitBits                    0x08004160   Section        0  event_groups.o(i.xEventGroupWaitBits)
    i.xPortStartScheduler                    0x0800422c   Section        0  port.o(i.xPortStartScheduler)
    i.xPortSysTickHandler                    0x08004260   Section        0  port.o(i.xPortSysTickHandler)
    i.xTaskCreate                            0x08004294   Section        0  tasks.o(i.xTaskCreate)
    i.xTaskGetSchedulerState                 0x080042fc   Section        0  tasks.o(i.xTaskGetSchedulerState)
    i.xTaskIncrementTick                     0x0800431c   Section        0  tasks.o(i.xTaskIncrementTick)
    i.xTaskResumeAll                         0x080044ac   Section        0  tasks.o(i.xTaskResumeAll)
    locale$$code                             0x08004608   Section       44  lc_numeric_c.o(locale$$code)
    locale$$code                             0x08004634   Section       44  lc_ctype_c.o(locale$$code)
    x$fpl$printf1                            0x08004660   Section        4  printf1.o(x$fpl$printf1)
    x$fpl$printf2                            0x08004664   Section        4  printf2.o(x$fpl$printf2)
    .constdata                               0x08004668   Section        8  _printf_wctomb.o(.constdata)
    x$fpl$usenofp                            0x08004668   Section        0  usenofp.o(x$fpl$usenofp)
    initial_mbstate                          0x08004668   Data           8  _printf_wctomb.o(.constdata)
    .constdata                               0x08004670   Section       40  _printf_hex_int_ll_ptr.o(.constdata)
    uc_hextab                                0x08004670   Data          20  _printf_hex_int_ll_ptr.o(.constdata)
    lc_hextab                                0x08004684   Data          20  _printf_hex_int_ll_ptr.o(.constdata)
    .constdata                               0x08004698   Section       17  __printf_flags_ss_wp.o(.constdata)
    maptable                                 0x08004698   Data          17  __printf_flags_ss_wp.o(.constdata)
    .constdata                               0x080046a9   Section       38  _printf_fp_hex.o(.constdata)
    lc_hextab                                0x080046a9   Data          19  _printf_fp_hex.o(.constdata)
    uc_hextab                                0x080046bc   Data          19  _printf_fp_hex.o(.constdata)
    .constdata                               0x080046d0   Section      148  bigflt0.o(.constdata)
    tenpwrs_x                                0x080046d0   Data          60  bigflt0.o(.constdata)
    tenpwrs_i                                0x0800470c   Data          64  bigflt0.o(.constdata)
    locale$$data                             0x08004784   Section       28  lc_numeric_c.o(locale$$data)
    __lcnum_c_name                           0x08004788   Data           2  lc_numeric_c.o(locale$$data)
    __lcnum_c_start                          0x08004790   Data           0  lc_numeric_c.o(locale$$data)
    __lcnum_c_point                          0x0800479c   Data           0  lc_numeric_c.o(locale$$data)
    __lcnum_c_thousands                      0x0800479e   Data           0  lc_numeric_c.o(locale$$data)
    __lcnum_c_grouping                       0x0800479f   Data           0  lc_numeric_c.o(locale$$data)
    locale$$data                             0x080047a0   Section      272  lc_ctype_c.o(locale$$data)
    __lcnum_c_end                            0x080047a0   Data           0  lc_numeric_c.o(locale$$data)
    __lcctype_c_name                         0x080047a4   Data           2  lc_ctype_c.o(locale$$data)
    __lcctype_c_start                        0x080047ac   Data           0  lc_ctype_c.o(locale$$data)
    __lcctype_c_end                          0x080048b0   Data           0  lc_ctype_c.o(locale$$data)
    .data                                    0x20000000   Section       64  tasks.o(.data)
    pxDelayedTaskList                        0x20000004   Data           4  tasks.o(.data)
    pxOverflowDelayedTaskList                0x20000008   Data           4  tasks.o(.data)
    uxDeletedTasksWaitingCleanUp             0x2000000c   Data           4  tasks.o(.data)
    uxCurrentNumberOfTasks                   0x20000010   Data           4  tasks.o(.data)
    xTickCount                               0x20000014   Data           4  tasks.o(.data)
    uxTopReadyPriority                       0x20000018   Data           4  tasks.o(.data)
    xSchedulerRunning                        0x2000001c   Data           4  tasks.o(.data)
    xPendedTicks                             0x20000020   Data           4  tasks.o(.data)
    xYieldPending                            0x20000024   Data           4  tasks.o(.data)
    xNumOfOverflows                          0x20000028   Data           4  tasks.o(.data)
    uxTaskNumber                             0x2000002c   Data           4  tasks.o(.data)
    xNextTaskUnblockTime                     0x20000030   Data           4  tasks.o(.data)
    xIdleTaskHandle                          0x20000034   Data           4  tasks.o(.data)
    uxSchedulerSuspended                     0x2000003c   Data           4  tasks.o(.data)
    .data                                    0x20000040   Section       28  heap_4.o(.data)
    xStart                                   0x20000040   Data           8  heap_4.o(.data)
    pxEnd                                    0x20000048   Data           4  heap_4.o(.data)
    xFreeBytesRemaining                      0x2000004c   Data           4  heap_4.o(.data)
    xMinimumEverFreeBytesRemaining           0x20000050   Data           4  heap_4.o(.data)
    xNumberOfSuccessfulAllocations           0x20000054   Data           4  heap_4.o(.data)
    xNumberOfSuccessfulFrees                 0x20000058   Data           4  heap_4.o(.data)
    .data                                    0x2000005c   Section        4  port.o(.data)
    uxCriticalNesting                        0x2000005c   Data           4  port.o(.data)
    .data                                    0x20000060   Section        4  mydelay.o(.data)
    fac_us                                   0x20000060   Data           1  mydelay.o(.data)
    fac_ms                                   0x20000062   Data           2  mydelay.o(.data)
    .data                                    0x20000064   Section       12  as608.o(.data)
    .data                                    0x20000070   Section        2  esp8266.o(.data)
    .data                                    0x20000072   Section        2  myuart3.o(.data)
    .data                                    0x20000074   Section       30  rc522.o(.data)
    status                                   0x20000091   Data           1  rc522.o(.data)
    .data                                    0x20000092   Section       20  stm32f10x_rcc.o(.data)
    APBAHBPrescTable                         0x20000092   Data          16  stm32f10x_rcc.o(.data)
    ADCPrescTable                            0x200000a2   Data           4  stm32f10x_rcc.o(.data)
    .data                                    0x200000a8   Section       20  main.o(.data)
    .bss                                     0x200000bc   Section      200  tasks.o(.bss)
    pxReadyTasksLists                        0x200000bc   Data         100  tasks.o(.bss)
    xDelayedTaskList1                        0x20000120   Data          20  tasks.o(.bss)
    xDelayedTaskList2                        0x20000134   Data          20  tasks.o(.bss)
    xPendingReadyList                        0x20000148   Data          20  tasks.o(.bss)
    xTasksWaitingTermination                 0x2000015c   Data          20  tasks.o(.bss)
    xSuspendedTaskList                       0x20000170   Data          20  tasks.o(.bss)
    .bss                                     0x20000184   Section    17408  heap_4.o(.bss)
    ucHeap                                   0x20000184   Data       17408  heap_4.o(.bss)
    .bss                                     0x20004584   Section       40  as608.o(.bss)
    .bss                                     0x200045ac   Section       40  esp8266.o(.bss)
    .bss                                     0x200045d4   Section       40  myuart3.o(.bss)
    .bss                                     0x200045fc   Section       96  libspace.o(.bss)
    HEAP                                     0x20004660   Section      512  startup_stm32f10x_md.o(HEAP)
    Heap_Mem                                 0x20004660   Data         512  startup_stm32f10x_md.o(HEAP)
    STACK                                    0x20004860   Section     1024  startup_stm32f10x_md.o(STACK)
    Stack_Mem                                0x20004860   Data        1024  startup_stm32f10x_md.o(STACK)
    __initial_sp                             0x20004c60   Data           0  startup_stm32f10x_md.o(STACK)

    Global Symbols

    Symbol Name                              Value     Ov Type        Size  Object(Section)

    BuildAttributes$$THM_ISAv4$P$D$K$B$S$PE$A:L22UL41UL21$X:L11$S22US41US21$IEEE1$IW$USESV6$~STKCKD$USESV7$~SHL$OTIME$ROPI$IEEEJ$EBA8$UX$STANDARDLIB$REQ8$PRES8$EABIv2 0x00000000   Number         0  anon$$obj.o ABSOLUTE
    __ARM_use_no_argv                        0x00000000   Number         0  main.o ABSOLUTE
    _printf_flags                            0x00000000   Number         0  printf_stubs.o ABSOLUTE
    _printf_return_value                     0x00000000   Number         0  printf_stubs.o ABSOLUTE
    _printf_sizespec                         0x00000000   Number         0  printf_stubs.o ABSOLUTE
    _printf_widthprec                        0x00000000   Number         0  printf_stubs.o ABSOLUTE
    __ARM_exceptions_init                     - Undefined Weak Reference
    __alloca_initialize                       - Undefined Weak Reference
    __arm_preinit_                            - Undefined Weak Reference
    __cpp_initialize__aeabi_                  - Undefined Weak Reference
    __cxa_finalize                            - Undefined Weak Reference
    __sigvec_lookup                           - Undefined Weak Reference
    _atexit_init                              - Undefined Weak Reference
    _call_atexit_fns                          - Undefined Weak Reference
    _clock_init                               - Undefined Weak Reference
    _fp_trap_init                             - Undefined Weak Reference
    _fp_trap_shutdown                         - Undefined Weak Reference
    _get_lc_collate                           - Undefined Weak Reference
    _get_lc_monetary                          - Undefined Weak Reference
    _get_lc_time                              - Undefined Weak Reference
    _getenv_init                              - Undefined Weak Reference
    _handle_redirection                       - Undefined Weak Reference
    _init_alloc                               - Undefined Weak Reference
    _init_user_alloc                          - Undefined Weak Reference
    _initio                                   - Undefined Weak Reference
    _printf_mbtowc                            - Undefined Weak Reference
    _printf_wc                                - Undefined Weak Reference
    _rand_init                                - Undefined Weak Reference
    _signal_finish                            - Undefined Weak Reference
    _signal_init                              - Undefined Weak Reference
    _terminate_alloc                          - Undefined Weak Reference
    _terminate_user_alloc                     - Undefined Weak Reference
    _terminateio                              - Undefined Weak Reference
    __Vectors_Size                           0x000000ec   Number         0  startup_stm32f10x_md.o ABSOLUTE
    __Vectors                                0x08000000   Data           4  startup_stm32f10x_md.o(RESET)
    __Vectors_End                            0x080000ec   Data           0  startup_stm32f10x_md.o(RESET)
    __main                                   0x080000ed   Thumb Code     8  __main.o(!!!main)
    __scatterload                            0x080000f5   Thumb Code     0  __scatter.o(!!!scatter)
    __scatterload_rt2                        0x080000f5   Thumb Code    44  __scatter.o(!!!scatter)
    __scatterload_rt2_thumb_only             0x080000f5   Thumb Code     0  __scatter.o(!!!scatter)
    __scatterload_null                       0x08000103   Thumb Code     0  __scatter.o(!!!scatter)
    __scatterload_copy                       0x08000129   Thumb Code    26  __scatter_copy.o(!!handler_copy)
    __scatterload_zeroinit                   0x08000145   Thumb Code    28  __scatter_zi.o(!!handler_zi)
    _printf_n                                0x08000161   Thumb Code     0  _printf_n.o(.ARM.Collect$$_printf_percent$$00000001)
    _printf_percent                          0x08000161   Thumb Code     0  _printf_percent.o(.ARM.Collect$$_printf_percent$$00000000)
    _printf_p                                0x08000167   Thumb Code     0  _printf_p.o(.ARM.Collect$$_printf_percent$$00000002)
    _printf_f                                0x0800016d   Thumb Code     0  _printf_f.o(.ARM.Collect$$_printf_percent$$00000003)
    _printf_e                                0x08000173   Thumb Code     0  _printf_e.o(.ARM.Collect$$_printf_percent$$00000004)
    _printf_g                                0x08000179   Thumb Code     0  _printf_g.o(.ARM.Collect$$_printf_percent$$00000005)
    _printf_a                                0x0800017f   Thumb Code     0  _printf_a.o(.ARM.Collect$$_printf_percent$$00000006)
    _printf_ll                               0x08000185   Thumb Code     0  _printf_ll.o(.ARM.Collect$$_printf_percent$$00000007)
    _printf_i                                0x0800018f   Thumb Code     0  _printf_i.o(.ARM.Collect$$_printf_percent$$00000008)
    _printf_d                                0x08000195   Thumb Code     0  _printf_d.o(.ARM.Collect$$_printf_percent$$00000009)
    _printf_u                                0x0800019b   Thumb Code     0  _printf_u.o(.ARM.Collect$$_printf_percent$$0000000A)
    _printf_o                                0x080001a1   Thumb Code     0  _printf_o.o(.ARM.Collect$$_printf_percent$$0000000B)
    _printf_x                                0x080001a7   Thumb Code     0  _printf_x.o(.ARM.Collect$$_printf_percent$$0000000C)
    _printf_lli                              0x080001ad   Thumb Code     0  _printf_lli.o(.ARM.Collect$$_printf_percent$$0000000D)
    _printf_lld                              0x080001b3   Thumb Code     0  _printf_lld.o(.ARM.Collect$$_printf_percent$$0000000E)
    _printf_llu                              0x080001b9   Thumb Code     0  _printf_llu.o(.ARM.Collect$$_printf_percent$$0000000F)
    _printf_llo                              0x080001bf   Thumb Code     0  _printf_llo.o(.ARM.Collect$$_printf_percent$$00000010)
    _printf_llx                              0x080001c5   Thumb Code     0  _printf_llx.o(.ARM.Collect$$_printf_percent$$00000011)
    _printf_l                                0x080001cb   Thumb Code     0  _printf_l.o(.ARM.Collect$$_printf_percent$$00000012)
    _printf_c                                0x080001d5   Thumb Code     0  _printf_c.o(.ARM.Collect$$_printf_percent$$00000013)
    _printf_s                                0x080001db   Thumb Code     0  _printf_s.o(.ARM.Collect$$_printf_percent$$00000014)
    _printf_lc                               0x080001e1   Thumb Code     0  _printf_lc.o(.ARM.Collect$$_printf_percent$$00000015)
    _printf_ls                               0x080001e7   Thumb Code     0  _printf_ls.o(.ARM.Collect$$_printf_percent$$00000016)
    _printf_percent_end                      0x080001ed   Thumb Code     0  _printf_percent_end.o(.ARM.Collect$$_printf_percent$$00000017)
    __rt_lib_init                            0x080001f1   Thumb Code     0  libinit.o(.ARM.Collect$$libinit$$00000000)
    __rt_lib_init_fp_1                       0x080001f3   Thumb Code     0  libinit2.o(.ARM.Collect$$libinit$$00000002)
    __rt_lib_init_heap_1                     0x080001f3   Thumb Code     0  libinit2.o(.ARM.Collect$$libinit$$0000000A)
    __rt_lib_init_lc_common                  0x080001f3   Thumb Code     0  libinit2.o(.ARM.Collect$$libinit$$0000000F)
    __rt_lib_init_preinit_1                  0x080001f3   Thumb Code     0  libinit2.o(.ARM.Collect$$libinit$$00000004)
    __rt_lib_init_rand_1                     0x080001f3   Thumb Code     0  libinit2.o(.ARM.Collect$$libinit$$0000000E)
    __rt_lib_init_user_alloc_1               0x080001f3   Thumb Code     0  libinit2.o(.ARM.Collect$$libinit$$0000000C)
    __rt_lib_init_lc_collate_1               0x080001f9   Thumb Code     0  libinit2.o(.ARM.Collect$$libinit$$00000011)
    __rt_lib_init_lc_ctype_2                 0x080001f9   Thumb Code     0  libinit2.o(.ARM.Collect$$libinit$$00000012)
    __rt_lib_init_lc_ctype_1                 0x08000205   Thumb Code     0  libinit2.o(.ARM.Collect$$libinit$$00000013)
    __rt_lib_init_lc_monetary_1              0x08000205   Thumb Code     0  libinit2.o(.ARM.Collect$$libinit$$00000015)
    __rt_lib_init_lc_numeric_2               0x08000205   Thumb Code     0  libinit2.o(.ARM.Collect$$libinit$$00000016)
    __rt_lib_init_alloca_1                   0x0800020f   Thumb Code     0  libinit2.o(.ARM.Collect$$libinit$$0000002E)
    __rt_lib_init_argv_1                     0x0800020f   Thumb Code     0  libinit2.o(.ARM.Collect$$libinit$$0000002C)
    __rt_lib_init_atexit_1                   0x0800020f   Thumb Code     0  libinit2.o(.ARM.Collect$$libinit$$0000001B)
    __rt_lib_init_clock_1                    0x0800020f   Thumb Code     0  libinit2.o(.ARM.Collect$$libinit$$00000021)
    __rt_lib_init_cpp_1                      0x0800020f   Thumb Code     0  libinit2.o(.ARM.Collect$$libinit$$00000032)
    __rt_lib_init_exceptions_1               0x0800020f   Thumb Code     0  libinit2.o(.ARM.Collect$$libinit$$00000030)
    __rt_lib_init_fp_trap_1                  0x0800020f   Thumb Code     0  libinit2.o(.ARM.Collect$$libinit$$0000001F)
    __rt_lib_init_getenv_1                   0x0800020f   Thumb Code     0  libinit2.o(.ARM.Collect$$libinit$$00000023)
    __rt_lib_init_lc_numeric_1               0x0800020f   Thumb Code     0  libinit2.o(.ARM.Collect$$libinit$$00000017)
    __rt_lib_init_lc_time_1                  0x0800020f   Thumb Code     0  libinit2.o(.ARM.Collect$$libinit$$00000019)
    __rt_lib_init_return                     0x0800020f   Thumb Code     0  libinit2.o(.ARM.Collect$$libinit$$00000033)
    __rt_lib_init_signal_1                   0x0800020f   Thumb Code     0  libinit2.o(.ARM.Collect$$libinit$$0000001D)
    __rt_lib_init_stdio_1                    0x0800020f   Thumb Code     0  libinit2.o(.ARM.Collect$$libinit$$00000025)
    __rt_lib_shutdown                        0x08000211   Thumb Code     0  libshutdown.o(.ARM.Collect$$libshutdown$$00000000)
    __rt_lib_shutdown_cpp_1                  0x08000213   Thumb Code     0  libshutdown2.o(.ARM.Collect$$libshutdown$$00000002)
    __rt_lib_shutdown_fp_trap_1              0x08000213   Thumb Code     0  libshutdown2.o(.ARM.Collect$$libshutdown$$00000007)
    __rt_lib_shutdown_heap_1                 0x08000213   Thumb Code     0  libshutdown2.o(.ARM.Collect$$libshutdown$$0000000F)
    __rt_lib_shutdown_return                 0x08000213   Thumb Code     0  libshutdown2.o(.ARM.Collect$$libshutdown$$00000010)
    __rt_lib_shutdown_signal_1               0x08000213   Thumb Code     0  libshutdown2.o(.ARM.Collect$$libshutdown$$0000000A)
    __rt_lib_shutdown_stdio_1                0x08000213   Thumb Code     0  libshutdown2.o(.ARM.Collect$$libshutdown$$00000004)
    __rt_lib_shutdown_user_alloc_1           0x08000213   Thumb Code     0  libshutdown2.o(.ARM.Collect$$libshutdown$$0000000C)
    __rt_entry                               0x08000215   Thumb Code     0  __rtentry.o(.ARM.Collect$$rtentry$$00000000)
    __rt_entry_presh_1                       0x08000215   Thumb Code     0  __rtentry2.o(.ARM.Collect$$rtentry$$00000002)
    __rt_entry_sh                            0x08000215   Thumb Code     0  __rtentry4.o(.ARM.Collect$$rtentry$$00000004)
    __rt_entry_li                            0x0800021b   Thumb Code     0  __rtentry2.o(.ARM.Collect$$rtentry$$0000000A)
    __rt_entry_postsh_1                      0x0800021b   Thumb Code     0  __rtentry2.o(.ARM.Collect$$rtentry$$00000009)
    __rt_entry_main                          0x0800021f   Thumb Code     0  __rtentry2.o(.ARM.Collect$$rtentry$$0000000D)
    __rt_entry_postli_1                      0x0800021f   Thumb Code     0  __rtentry2.o(.ARM.Collect$$rtentry$$0000000C)
    __rt_exit                                0x08000227   Thumb Code     0  rtexit.o(.ARM.Collect$$rtexit$$00000000)
    __rt_exit_ls                             0x08000229   Thumb Code     0  rtexit2.o(.ARM.Collect$$rtexit$$00000003)
    __rt_exit_prels_1                        0x08000229   Thumb Code     0  rtexit2.o(.ARM.Collect$$rtexit$$00000002)
    __rt_exit_exit                           0x0800022d   Thumb Code     0  rtexit2.o(.ARM.Collect$$rtexit$$00000004)
    SVC_Handler                              0x08000235   Thumb Code    32  port.o(.emb_text)
    __asm___6_port_c_39a90d8d__prvStartFirstTask 0x08000259   Thumb Code    28  port.o(.emb_text)
    PendSV_Handler                           0x08000279   Thumb Code    72  port.o(.emb_text)
    vPortGetIPSR                             0x080002c5   Thumb Code     6  port.o(.emb_text)
    Reset_Handler                            0x080002cd   Thumb Code     8  startup_stm32f10x_md.o(.text)
    ADC1_2_IRQHandler                        0x080002e7   Thumb Code     0  startup_stm32f10x_md.o(.text)
    CAN1_RX1_IRQHandler                      0x080002e7   Thumb Code     0  startup_stm32f10x_md.o(.text)
    CAN1_SCE_IRQHandler                      0x080002e7   Thumb Code     0  startup_stm32f10x_md.o(.text)
    DMA1_Channel1_IRQHandler                 0x080002e7   Thumb Code     0  startup_stm32f10x_md.o(.text)
    DMA1_Channel2_IRQHandler                 0x080002e7   Thumb Code     0  startup_stm32f10x_md.o(.text)
    DMA1_Channel3_IRQHandler                 0x080002e7   Thumb Code     0  startup_stm32f10x_md.o(.text)
    DMA1_Channel4_IRQHandler                 0x080002e7   Thumb Code     0  startup_stm32f10x_md.o(.text)
    DMA1_Channel5_IRQHandler                 0x080002e7   Thumb Code     0  startup_stm32f10x_md.o(.text)
    DMA1_Channel6_IRQHandler                 0x080002e7   Thumb Code     0  startup_stm32f10x_md.o(.text)
    DMA1_Channel7_IRQHandler                 0x080002e7   Thumb Code     0  startup_stm32f10x_md.o(.text)
    EXTI0_IRQHandler                         0x080002e7   Thumb Code     0  startup_stm32f10x_md.o(.text)
    EXTI15_10_IRQHandler                     0x080002e7   Thumb Code     0  startup_stm32f10x_md.o(.text)
    EXTI1_IRQHandler                         0x080002e7   Thumb Code     0  startup_stm32f10x_md.o(.text)
    EXTI2_IRQHandler                         0x080002e7   Thumb Code     0  startup_stm32f10x_md.o(.text)
    EXTI3_IRQHandler                         0x080002e7   Thumb Code     0  startup_stm32f10x_md.o(.text)
    EXTI4_IRQHandler                         0x080002e7   Thumb Code     0  startup_stm32f10x_md.o(.text)
    EXTI9_5_IRQHandler                       0x080002e7   Thumb Code     0  startup_stm32f10x_md.o(.text)
    FLASH_IRQHandler                         0x080002e7   Thumb Code     0  startup_stm32f10x_md.o(.text)
    I2C1_ER_IRQHandler                       0x080002e7   Thumb Code     0  startup_stm32f10x_md.o(.text)
    I2C1_EV_IRQHandler                       0x080002e7   Thumb Code     0  startup_stm32f10x_md.o(.text)
    I2C2_ER_IRQHandler                       0x080002e7   Thumb Code     0  startup_stm32f10x_md.o(.text)
    I2C2_EV_IRQHandler                       0x080002e7   Thumb Code     0  startup_stm32f10x_md.o(.text)
    PVD_IRQHandler                           0x080002e7   Thumb Code     0  startup_stm32f10x_md.o(.text)
    RCC_IRQHandler                           0x080002e7   Thumb Code     0  startup_stm32f10x_md.o(.text)
    RTCAlarm_IRQHandler                      0x080002e7   Thumb Code     0  startup_stm32f10x_md.o(.text)
    RTC_IRQHandler                           0x080002e7   Thumb Code     0  startup_stm32f10x_md.o(.text)
    SPI1_IRQHandler                          0x080002e7   Thumb Code     0  startup_stm32f10x_md.o(.text)
    SPI2_IRQHandler                          0x080002e7   Thumb Code     0  startup_stm32f10x_md.o(.text)
    TAMPER_IRQHandler                        0x080002e7   Thumb Code     0  startup_stm32f10x_md.o(.text)
    TIM1_BRK_IRQHandler                      0x080002e7   Thumb Code     0  startup_stm32f10x_md.o(.text)
    TIM1_CC_IRQHandler                       0x080002e7   Thumb Code     0  startup_stm32f10x_md.o(.text)
    TIM1_TRG_COM_IRQHandler                  0x080002e7   Thumb Code     0  startup_stm32f10x_md.o(.text)
    TIM1_UP_IRQHandler                       0x080002e7   Thumb Code     0  startup_stm32f10x_md.o(.text)
    TIM2_IRQHandler                          0x080002e7   Thumb Code     0  startup_stm32f10x_md.o(.text)
    TIM3_IRQHandler                          0x080002e7   Thumb Code     0  startup_stm32f10x_md.o(.text)
    TIM4_IRQHandler                          0x080002e7   Thumb Code     0  startup_stm32f10x_md.o(.text)
    USBWakeUp_IRQHandler                     0x080002e7   Thumb Code     0  startup_stm32f10x_md.o(.text)
    USB_HP_CAN1_TX_IRQHandler                0x080002e7   Thumb Code     0  startup_stm32f10x_md.o(.text)
    USB_LP_CAN1_RX0_IRQHandler               0x080002e7   Thumb Code     0  startup_stm32f10x_md.o(.text)
    WWDG_IRQHandler                          0x080002e7   Thumb Code     0  startup_stm32f10x_md.o(.text)
    __user_initial_stackheap                 0x080002e9   Thumb Code     0  startup_stm32f10x_md.o(.text)
    vsprintf                                 0x0800030d   Thumb Code    32  vsprintf.o(.text)
    strstr                                   0x08000331   Thumb Code    36  strstr.o(.text)
    __aeabi_memclr4                          0x08000355   Thumb Code     0  rt_memclr_w.o(.text)
    __aeabi_memclr8                          0x08000355   Thumb Code     0  rt_memclr_w.o(.text)
    __rt_memclr_w                            0x08000355   Thumb Code    78  rt_memclr_w.o(.text)
    _memset_w                                0x08000359   Thumb Code     0  rt_memclr_w.o(.text)
    strcmp                                   0x080003a5   Thumb Code   128  strcmpv7m.o(.text)
    __use_two_region_memory                  0x08000425   Thumb Code     2  heapauxi.o(.text)
    __rt_heap_escrow$2region                 0x08000427   Thumb Code     2  heapauxi.o(.text)
    __rt_heap_expand$2region                 0x08000429   Thumb Code     2  heapauxi.o(.text)
    _printf_pre_padding                      0x0800042b   Thumb Code    44  _printf_pad.o(.text)
    _printf_post_padding                     0x08000457   Thumb Code    34  _printf_pad.o(.text)
    _printf_truncate_signed                  0x08000479   Thumb Code    18  _printf_truncate.o(.text)
    _printf_truncate_unsigned                0x0800048b   Thumb Code    18  _printf_truncate.o(.text)
    _printf_str                              0x0800049d   Thumb Code    82  _printf_str.o(.text)
    _printf_int_dec                          0x080004f1   Thumb Code   104  _printf_dec.o(.text)
    _printf_charcount                        0x08000569   Thumb Code    40  _printf_charcount.o(.text)
    _printf_char_common                      0x0800059b   Thumb Code    32  _printf_char_common.o(.text)
    _sputc                                   0x080005c1   Thumb Code    10  _sputc.o(.text)
    _printf_wctomb                           0x080005cd   Thumb Code   182  _printf_wctomb.o(.text)
    _printf_longlong_dec                     0x08000689   Thumb Code   108  _printf_longlong_dec.o(.text)
    _printf_longlong_oct                     0x08000705   Thumb Code    66  _printf_oct_int_ll.o(.text)
    _printf_int_oct                          0x08000747   Thumb Code    24  _printf_oct_int_ll.o(.text)
    _printf_ll_oct                           0x0800075f   Thumb Code    12  _printf_oct_int_ll.o(.text)
    _printf_longlong_hex                     0x08000775   Thumb Code    86  _printf_hex_int_ll_ptr.o(.text)
    _printf_int_hex                          0x080007cb   Thumb Code    28  _printf_hex_int_ll_ptr.o(.text)
    _printf_ll_hex                           0x080007e7   Thumb Code    12  _printf_hex_int_ll_ptr.o(.text)
    _printf_hex_ptr                          0x080007f3   Thumb Code    18  _printf_hex_int_ll_ptr.o(.text)
    __printf                                 0x08000809   Thumb Code   388  __printf_flags_ss_wp.o(.text)
    _ll_udiv10                               0x08000991   Thumb Code   138  lludiv10.o(.text)
    _printf_int_common                       0x08000a1b   Thumb Code   178  _printf_intcommon.o(.text)
    __lib_sel_fp_printf                      0x08000acd   Thumb Code     2  _printf_fp_dec.o(.text)
    _printf_fp_dec_real                      0x08000c7f   Thumb Code   620  _printf_fp_dec.o(.text)
    _printf_fp_hex_real                      0x08000eed   Thumb Code   756  _printf_fp_hex.o(.text)
    _printf_cs_common                        0x080011e9   Thumb Code    20  _printf_char.o(.text)
    _printf_char                             0x080011fd   Thumb Code    16  _printf_char.o(.text)
    _printf_string                           0x0800120d   Thumb Code     8  _printf_char.o(.text)
    _printf_lcs_common                       0x08001215   Thumb Code    20  _printf_wchar.o(.text)
    _printf_wchar                            0x08001229   Thumb Code    16  _printf_wchar.o(.text)
    _printf_wstring                          0x08001239   Thumb Code     8  _printf_wchar.o(.text)
    _wcrtomb                                 0x08001241   Thumb Code    64  _wcrtomb.o(.text)
    __user_setup_stackheap                   0x08001281   Thumb Code    74  sys_stackheap_outer.o(.text)
    __rt_ctype_table                         0x080012cd   Thumb Code    16  rt_ctype_table.o(.text)
    __rt_locale                              0x080012dd   Thumb Code     8  rt_locale_intlibspace.o(.text)
    _printf_fp_infnan                        0x080012e5   Thumb Code   112  _printf_fp_infnan.o(.text)
    _btod_etento                             0x08001365   Thumb Code   224  bigflt0.o(.text)
    exit                                     0x08001449   Thumb Code    18  exit.o(.text)
    __user_libspace                          0x0800145d   Thumb Code     8  libspace.o(.text)
    __user_perproc_libspace                  0x0800145d   Thumb Code     0  libspace.o(.text)
    __user_perthread_libspace                0x0800145d   Thumb Code     0  libspace.o(.text)
    _sys_exit                                0x08001465   Thumb Code     8  sys_exit.o(.text)
    __I$use$semihosting                      0x08001471   Thumb Code     0  use_no_semi.o(.text)
    __use_no_semihosting_swi                 0x08001471   Thumb Code     2  use_no_semi.o(.text)
    __semihosting_library_function           0x08001473   Thumb Code     0  indicate_semi.o(.text)
    _btod_d2e                                0x08001473   Thumb Code    62  btod.o(CL$$btod_d2e)
    _d2e_denorm_low                          0x080014b1   Thumb Code    70  btod.o(CL$$btod_d2e_denorm_low)
    _d2e_norm_op1                            0x080014f7   Thumb Code    96  btod.o(CL$$btod_d2e_norm_op1)
    __btod_div_common                        0x08001557   Thumb Code   696  btod.o(CL$$btod_div_common)
    _e2e                                     0x0800188f   Thumb Code   220  btod.o(CL$$btod_e2e)
    _btod_ediv                               0x0800196b   Thumb Code    42  btod.o(CL$$btod_ediv)
    _btod_emul                               0x08001995   Thumb Code    42  btod.o(CL$$btod_emul)
    __btod_mult_common                       0x080019bf   Thumb Code   580  btod.o(CL$$btod_mult_common)
    AS608_Analyse                            0x08001c05   Thumb Code    82  as608.o(i.AS608_Analyse)
    AS608_Check_Message                      0x08001d01   Thumb Code   114  as608.o(i.AS608_Check_Message)
    AS608_PS_GenChar_1                       0x08001d89   Thumb Code    72  as608.o(i.AS608_PS_GenChar_1)
    AS608_PS_GetImage                        0x08001dd5   Thumb Code    66  as608.o(i.AS608_PS_GetImage)
    AS608_PS_Search                          0x08001e1d   Thumb Code   166  as608.o(i.AS608_PS_Search)
    AS608_Search                             0x08001ec9   Thumb Code   112  as608.o(i.AS608_Search)
    AS608_Send_Addr                          0x08001fb9   Thumb Code    46  as608.o(i.AS608_Send_Addr)
    AS608_Send_Data                          0x08001fed   Thumb Code    28  as608.o(i.AS608_Send_Data)
    AS608_Send_Flag                          0x0800200d   Thumb Code    12  as608.o(i.AS608_Send_Flag)
    AS608_Send_Head                          0x08002019   Thumb Code    22  as608.o(i.AS608_Send_Head)
    AS608_Send_Length                        0x08002035   Thumb Code    18  as608.o(i.AS608_Send_Length)
    AS608_Send_Sum                           0x08002047   Thumb Code    18  as608.o(i.AS608_Send_Sum)
    AS608_TASK                               0x08002059   Thumb Code    48  main.o(i.AS608_TASK)
    BusFault_Handler                         0x08002091   Thumb Code     4  stm32f10x_it.o(i.BusFault_Handler)
    ClearBitMask                             0x08002095   Thumb Code    26  rc522.o(i.ClearBitMask)
    DebugMon_Handler                         0x080020af   Thumb Code     2  stm32f10x_it.o(i.DebugMon_Handler)
    GPIO_Init                                0x080020b1   Thumb Code   278  stm32f10x_gpio.o(i.GPIO_Init)
    GPIO_ReadInputDataBit                    0x080021c7   Thumb Code    18  stm32f10x_gpio.o(i.GPIO_ReadInputDataBit)
    GPIO_ResetBits                           0x080021d9   Thumb Code     4  stm32f10x_gpio.o(i.GPIO_ResetBits)
    GPIO_SetBits                             0x080021dd   Thumb Code     4  stm32f10x_gpio.o(i.GPIO_SetBits)
    GPIO_WriteBit                            0x080021e1   Thumb Code    10  stm32f10x_gpio.o(i.GPIO_WriteBit)
    HardFault_Handler                        0x080021eb   Thumb Code     4  stm32f10x_it.o(i.HardFault_Handler)
    M500PcdConfigISOType                     0x080021ef   Thumb Code    84  rc522.o(i.M500PcdConfigISOType)
    MY_UART2_Init                            0x08002245   Thumb Code   192  as608.o(i.MY_UART2_Init)
    MY_UART3_Init                            0x0800230d   Thumb Code   194  myuart3.o(i.MY_UART3_Init)
    MemManage_Handler                        0x080023d9   Thumb Code     4  stm32f10x_it.o(i.MemManage_Handler)
    MyRC522_Orignize                         0x080023dd   Thumb Code   112  rc522.o(i.MyRC522_Orignize)
    NMI_Handler                              0x08002499   Thumb Code     2  stm32f10x_it.o(i.NMI_Handler)
    NVIC_Init                                0x0800249d   Thumb Code   100  misc.o(i.NVIC_Init)
    NVIC_PriorityGroupConfig                 0x0800250d   Thumb Code    10  misc.o(i.NVIC_PriorityGroupConfig)
    OLED_Clear                               0x08002521   Thumb Code    42  oled.o(i.OLED_Clear)
    OLED_GPIO_Init                           0x0800254d   Thumb Code    52  oled.o(i.OLED_GPIO_Init)
    OLED_I2C_SendByte                        0x08002585   Thumb Code    62  oled.o(i.OLED_I2C_SendByte)
    OLED_I2C_Start                           0x080025c3   Thumb Code    28  oled.o(i.OLED_I2C_Start)
    OLED_I2C_Stop                            0x080025df   Thumb Code    22  oled.o(i.OLED_I2C_Stop)
    OLED_Init                                0x080025f5   Thumb Code   150  oled.o(i.OLED_Init)
    OLED_SetCursor                           0x0800268b   Thumb Code    42  oled.o(i.OLED_SetCursor)
    OLED_W_SCL                               0x080026b5   Thumb Code    18  oled.o(i.OLED_W_SCL)
    OLED_W_SDA                               0x080026cd   Thumb Code    18  oled.o(i.OLED_W_SDA)
    OLED_WriteCommand                        0x080026e5   Thumb Code    32  oled.o(i.OLED_WriteCommand)
    OLED_WriteData                           0x08002705   Thumb Code    32  oled.o(i.OLED_WriteData)
    PcdAntennaOn                             0x08002725   Thumb Code    26  rc522.o(i.PcdAntennaOn)
    PcdAnticoll                              0x0800273f   Thumb Code   112  rc522.o(i.PcdAnticoll)
    PcdComMF522                              0x080027af   Thumb Code   306  rc522.o(i.PcdComMF522)
    PcdRequest                               0x080028e1   Thumb Code    84  rc522.o(i.PcdRequest)
    PcdReset                                 0x08002935   Thumb Code   124  rc522.o(i.PcdReset)
    RC522_Init                               0x080029b5   Thumb Code    34  rc522.o(i.RC522_Init)
    RC522_TASK                               0x080029e1   Thumb Code    30  main.o(i.RC522_TASK)
    RCC_APB1PeriphClockCmd                   0x08002a05   Thumb Code    26  stm32f10x_rcc.o(i.RCC_APB1PeriphClockCmd)
    RCC_APB2PeriphClockCmd                   0x08002a25   Thumb Code    26  stm32f10x_rcc.o(i.RCC_APB2PeriphClockCmd)
    RCC_GetClocksFreq                        0x08002a45   Thumb Code   192  stm32f10x_rcc.o(i.RCC_GetClocksFreq)
    ReadRawRC                                0x08002b19   Thumb Code    46  rc522.o(i.ReadRawRC)
    SG90_GPIO_Init                           0x08002b4d   Thumb Code    38  sg90.o(i.SG90_GPIO_Init)
    SG90_PWM_Init                            0x08002b79   Thumb Code   108  sg90.o(i.SG90_PWM_Init)
    SG90_TASK                                0x08002be9   Thumb Code    32  main.o(i.SG90_TASK)
    SG90_Turn_Angle                          0x08002c0d   Thumb Code    14  sg90.o(i.SG90_Turn_Angle)
    SPI1_Init                                0x08002c21   Thumb Code   224  rc522.o(i.SPI1_Init)
    SPI_Cmd                                  0x08002d0d   Thumb Code    24  stm32f10x_spi.o(i.SPI_Cmd)
    SPI_Init                                 0x08002d25   Thumb Code    60  stm32f10x_spi.o(i.SPI_Init)
    SPI_RC522_ReadByte                       0x08002d61   Thumb Code    72  rc522.o(i.SPI_RC522_ReadByte)
    SPI_RC522_SendByte                       0x08002dad   Thumb Code    80  rc522.o(i.SPI_RC522_SendByte)
    SetBitMask                               0x08002e01   Thumb Code    26  rc522.o(i.SetBitMask)
    SysTick_CLKSourceConfig                  0x08002f05   Thumb Code    40  misc.o(i.SysTick_CLKSourceConfig)
    SysTick_Handler                          0x08002f2d   Thumb Code    16  stm32f10x_it.o(i.SysTick_Handler)
    SystemInit                               0x08002f3d   Thumb Code    78  system_stm32f10x.o(i.SystemInit)
    TIM_Cmd                                  0x08002f9d   Thumb Code    24  stm32f10x_tim.o(i.TIM_Cmd)
    TIM_InternalClockConfig                  0x08002fb5   Thumb Code    12  stm32f10x_tim.o(i.TIM_InternalClockConfig)
    TIM_OC4Init                              0x08002fc1   Thumb Code   114  stm32f10x_tim.o(i.TIM_OC4Init)
    TIM_OCStructInit                         0x0800303d   Thumb Code    20  stm32f10x_tim.o(i.TIM_OCStructInit)
    TIM_SetCompare4                          0x08003051   Thumb Code     6  stm32f10x_tim.o(i.TIM_SetCompare4)
    TIM_TimeBaseInit                         0x08003059   Thumb Code   122  stm32f10x_tim.o(i.TIM_TimeBaseInit)
    TIM_TimeBaseStructInit                   0x080030fd   Thumb Code    18  stm32f10x_tim.o(i.TIM_TimeBaseStructInit)
    Task_Start                               0x08003111   Thumb Code    78  main.o(i.Task_Start)
    USART1_IRQHandler                        0x0800319d   Thumb Code   140  esp8266.o(i.USART1_IRQHandler)
    USART2_IRQHandler                        0x08003235   Thumb Code   140  as608.o(i.USART2_IRQHandler)
    USART3_IRQHandler                        0x080032cd   Thumb Code   140  myuart3.o(i.USART3_IRQHandler)
    USART_ClearFlag                          0x08003365   Thumb Code    18  stm32f10x_usart.o(i.USART_ClearFlag)
    USART_ClearITPendingBit                  0x08003377   Thumb Code    30  stm32f10x_usart.o(i.USART_ClearITPendingBit)
    USART_Cmd                                0x08003395   Thumb Code    24  stm32f10x_usart.o(i.USART_Cmd)
    USART_GetFlagStatus                      0x080033ad   Thumb Code    26  stm32f10x_usart.o(i.USART_GetFlagStatus)
    USART_GetITStatus                        0x080033c7   Thumb Code    84  stm32f10x_usart.o(i.USART_GetITStatus)
    USART_ITConfig                           0x0800341b   Thumb Code    74  stm32f10x_usart.o(i.USART_ITConfig)
    USART_Init                               0x08003465   Thumb Code   210  stm32f10x_usart.o(i.USART_Init)
    USART_ReceiveData                        0x0800353d   Thumb Code    10  stm32f10x_usart.o(i.USART_ReceiveData)
    USART_SendData                           0x08003547   Thumb Code     8  stm32f10x_usart.o(i.USART_SendData)
    UsageFault_Handler                       0x0800354f   Thumb Code     4  stm32f10x_it.o(i.UsageFault_Handler)
    WriteRawRC                               0x08003555   Thumb Code    42  rc522.o(i.WriteRawRC)
    __ARM_fpclassify                         0x08003585   Thumb Code    40  fpclassify.o(i.__ARM_fpclassify)
    _is_digit                                0x080035ad   Thumb Code    14  __printf_wp.o(i._is_digit)
    delay_init                               0x080035bd   Thumb Code    58  mydelay.o(i.delay_init)
    delay_us                                 0x08003601   Thumb Code    68  mydelay.o(i.delay_us)
    main                                     0x08003649   Thumb Code    94  main.o(i.main)
    pvPortMalloc                             0x08003b05   Thumb Code   208  heap_4.o(i.pvPortMalloc)
    pxPortInitialiseStack                    0x08003be9   Thumb Code    30  port.o(i.pxPortInitialiseStack)
    u3_printf                                0x08003c0d   Thumb Code    72  myuart3.o(i.u3_printf)
    uxListRemove                             0x08003c59   Thumb Code    40  list.o(i.uxListRemove)
    uxTaskResetEventItemValue                0x08003c81   Thumb Code    24  tasks.o(i.uxTaskResetEventItemValue)
    vListInitialise                          0x08003c9d   Thumb Code    26  list.o(i.vListInitialise)
    vListInitialiseItem                      0x08003cb7   Thumb Code     6  list.o(i.vListInitialiseItem)
    vListInsert                              0x08003cbd   Thumb Code    52  list.o(i.vListInsert)
    vListInsertEnd                           0x08003cf1   Thumb Code    24  list.o(i.vListInsertEnd)
    vPortEnterCritical                       0x08003d09   Thumb Code    30  port.o(i.vPortEnterCritical)
    vPortExitCritical                        0x08003d2d   Thumb Code    28  port.o(i.vPortExitCritical)
    vPortFree                                0x08003d4d   Thumb Code    68  heap_4.o(i.vPortFree)
    vPortSetupTimerInterrupt                 0x08003d99   Thumb Code    20  port.o(i.vPortSetupTimerInterrupt)
    vTaskDelay                               0x08003db1   Thumb Code    46  tasks.o(i.vTaskDelay)
    vTaskDelete                              0x08003de5   Thumb Code   174  tasks.o(i.vTaskDelete)
    vTaskPlaceOnUnorderedEventList           0x08003eb9   Thumb Code    74  tasks.o(i.vTaskPlaceOnUnorderedEventList)
    vTaskRemoveFromUnorderedEventList        0x08003f09   Thumb Code   190  tasks.o(i.vTaskRemoveFromUnorderedEventList)
    vTaskStartScheduler                      0x08003fd9   Thumb Code    76  tasks.o(i.vTaskStartScheduler)
    vTaskSuspendAll                          0x08004045   Thumb Code    12  tasks.o(i.vTaskSuspendAll)
    vTaskSwitchContext                       0x08004055   Thumb Code    76  tasks.o(i.vTaskSwitchContext)
    xEventGroupCreate                        0x080040b5   Thumb Code    26  event_groups.o(i.xEventGroupCreate)
    xEventGroupSetBits                       0x080040cf   Thumb Code   146  event_groups.o(i.xEventGroupSetBits)
    xEventGroupWaitBits                      0x08004161   Thumb Code   198  event_groups.o(i.xEventGroupWaitBits)
    xPortStartScheduler                      0x0800422d   Thumb Code    42  port.o(i.xPortStartScheduler)
    xPortSysTickHandler                      0x08004261   Thumb Code    46  port.o(i.xPortSysTickHandler)
    xTaskCreate                              0x08004295   Thumb Code   104  tasks.o(i.xTaskCreate)
    xTaskGetSchedulerState                   0x080042fd   Thumb Code    24  tasks.o(i.xTaskGetSchedulerState)
    xTaskIncrementTick                       0x0800431d   Thumb Code   356  tasks.o(i.xTaskIncrementTick)
    xTaskResumeAll                           0x080044ad   Thumb Code   310  tasks.o(i.xTaskResumeAll)
    _get_lc_numeric                          0x08004609   Thumb Code    44  lc_numeric_c.o(locale$$code)
    _get_lc_ctype                            0x08004635   Thumb Code    44  lc_ctype_c.o(locale$$code)
    _printf_fp_dec                           0x08004661   Thumb Code     4  printf1.o(x$fpl$printf1)
    _printf_fp_hex                           0x08004665   Thumb Code     4  printf2.o(x$fpl$printf2)
    __I$use$fp                               0x08004668   Number         0  usenofp.o(x$fpl$usenofp)
    Region$$Table$$Base                      0x08004764   Number         0  anon$$obj.o(Region$$Table)
    Region$$Table$$Limit                     0x08004784   Number         0  anon$$obj.o(Region$$Table)
    __ctype                                  0x080047ad   Data           0  lc_ctype_c.o(locale$$data)
    pxCurrentTCB                             0x20000000   Data           4  tasks.o(.data)
    uxTopUsedPriority                        0x20000038   Data           4  tasks.o(.data)
    USART2_RX_STA                            0x20000064   Data           2  as608.o(.data)
    AS608_Addr                               0x20000068   Data           4  as608.o(.data)
    AS608_Head                               0x2000006c   Data           2  as608.o(.data)
    AS608_Cmd_Flag                           0x2000006e   Data           1  as608.o(.data)
    AS608_Callback_Flag                      0x2000006f   Data           1  as608.o(.data)
    USART1_RX_STA                            0x20000070   Data           2  esp8266.o(.data)
    USART3_RX_STA                            0x20000072   Data           2  myuart3.o(.data)
    CT                                       0x20000074   Data           2  rc522.o(.data)
    SN                                       0x20000076   Data           4  rc522.o(.data)
    My_card_1                                0x2000007a   Data           4  rc522.o(.data)
    KEY_A                                    0x2000007e   Data           6  rc522.o(.data)
    KEY_B                                    0x20000084   Data           6  rc522.o(.data)
    AUDIO_OPEN                               0x2000008a   Data           6  rc522.o(.data)
    addr                                     0x20000090   Data           1  rc522.o(.data)
    SG90_TASK_Handler                        0x200000a8   Data           4  main.o(.data)
    AS608_TASK_Handler                       0x200000ac   Data           4  main.o(.data)
    RC522_TASK_Handler                       0x200000b0   Data           4  main.o(.data)
    ESP8266_TASK_Handler                     0x200000b4   Data           4  main.o(.data)
    MyEventGroupHandle                       0x200000b8   Data           4  main.o(.data)
    USART2_RX_BUF                            0x20004584   Data          40  as608.o(.bss)
    USART1_RX_BUF                            0x200045ac   Data          40  esp8266.o(.bss)
    USART3_RX_BUF                            0x200045d4   Data          40  myuart3.o(.bss)
    __libspace_start                         0x200045fc   Data          96  libspace.o(.bss)
    __temporary_stack_top$libspace           0x2000465c   Data           0  libspace.o(.bss)



==============================================================================

Memory Map of the image

  Image Entry point : 0x080000ed

  Load Region LR_IROM1 (Base: 0x08000000, Size: 0x0000496c, Max: 0x00010000, ABSOLUTE)

    Execution Region ER_IROM1 (Exec base: 0x08000000, Load base: 0x08000000, Size: 0x000048b0, Max: 0x00010000, ABSOLUTE)

    Exec Addr    Load Addr    Size         Type   Attr      Idx    E Section Name        Object

    0x08000000   0x08000000   0x000000ec   Data   RO          994    RESET               startup_stm32f10x_md.o
    0x080000ec   0x080000ec   0x00000008   Code   RO         4850  * !!!main             c_w.l(__main.o)
    0x080000f4   0x080000f4   0x00000034   Code   RO         5171    !!!scatter          c_w.l(__scatter.o)
    0x08000128   0x08000128   0x0000001a   Code   RO         5173    !!handler_copy      c_w.l(__scatter_copy.o)
    0x08000142   0x08000142   0x00000002   PAD
    0x08000144   0x08000144   0x0000001c   Code   RO         5175    !!handler_zi        c_w.l(__scatter_zi.o)
    0x08000160   0x08000160   0x00000000   Code   RO         4934    .ARM.Collect$$_printf_percent$$00000000  c_w.l(_printf_percent.o)
    0x08000160   0x08000160   0x00000006   Code   RO         4923    .ARM.Collect$$_printf_percent$$00000001  c_w.l(_printf_n.o)
    0x08000166   0x08000166   0x00000006   Code   RO         4925    .ARM.Collect$$_printf_percent$$00000002  c_w.l(_printf_p.o)
    0x0800016c   0x0800016c   0x00000006   Code   RO         4930    .ARM.Collect$$_printf_percent$$00000003  c_w.l(_printf_f.o)
    0x08000172   0x08000172   0x00000006   Code   RO         4931    .ARM.Collect$$_printf_percent$$00000004  c_w.l(_printf_e.o)
    0x08000178   0x08000178   0x00000006   Code   RO         4932    .ARM.Collect$$_printf_percent$$00000005  c_w.l(_printf_g.o)
    0x0800017e   0x0800017e   0x00000006   Code   RO         4933    .ARM.Collect$$_printf_percent$$00000006  c_w.l(_printf_a.o)
    0x08000184   0x08000184   0x0000000a   Code   RO         4938    .ARM.Collect$$_printf_percent$$00000007  c_w.l(_printf_ll.o)
    0x0800018e   0x0800018e   0x00000006   Code   RO         4927    .ARM.Collect$$_printf_percent$$00000008  c_w.l(_printf_i.o)
    0x08000194   0x08000194   0x00000006   Code   RO         4928    .ARM.Collect$$_printf_percent$$00000009  c_w.l(_printf_d.o)
    0x0800019a   0x0800019a   0x00000006   Code   RO         4929    .ARM.Collect$$_printf_percent$$0000000A  c_w.l(_printf_u.o)
    0x080001a0   0x080001a0   0x00000006   Code   RO         4926    .ARM.Collect$$_printf_percent$$0000000B  c_w.l(_printf_o.o)
    0x080001a6   0x080001a6   0x00000006   Code   RO         4924    .ARM.Collect$$_printf_percent$$0000000C  c_w.l(_printf_x.o)
    0x080001ac   0x080001ac   0x00000006   Code   RO         4935    .ARM.Collect$$_printf_percent$$0000000D  c_w.l(_printf_lli.o)
    0x080001b2   0x080001b2   0x00000006   Code   RO         4936    .ARM.Collect$$_printf_percent$$0000000E  c_w.l(_printf_lld.o)
    0x080001b8   0x080001b8   0x00000006   Code   RO         4937    .ARM.Collect$$_printf_percent$$0000000F  c_w.l(_printf_llu.o)
    0x080001be   0x080001be   0x00000006   Code   RO         4942    .ARM.Collect$$_printf_percent$$00000010  c_w.l(_printf_llo.o)
    0x080001c4   0x080001c4   0x00000006   Code   RO         4943    .ARM.Collect$$_printf_percent$$00000011  c_w.l(_printf_llx.o)
    0x080001ca   0x080001ca   0x0000000a   Code   RO         4939    .ARM.Collect$$_printf_percent$$00000012  c_w.l(_printf_l.o)
    0x080001d4   0x080001d4   0x00000006   Code   RO         4921    .ARM.Collect$$_printf_percent$$00000013  c_w.l(_printf_c.o)
    0x080001da   0x080001da   0x00000006   Code   RO         4922    .ARM.Collect$$_printf_percent$$00000014  c_w.l(_printf_s.o)
    0x080001e0   0x080001e0   0x00000006   Code   RO         4940    .ARM.Collect$$_printf_percent$$00000015  c_w.l(_printf_lc.o)
    0x080001e6   0x080001e6   0x00000006   Code   RO         4941    .ARM.Collect$$_printf_percent$$00000016  c_w.l(_printf_ls.o)
    0x080001ec   0x080001ec   0x00000004   Code   RO         4984    .ARM.Collect$$_printf_percent$$00000017  c_w.l(_printf_percent_end.o)
    0x080001f0   0x080001f0   0x00000002   Code   RO         5033    .ARM.Collect$$libinit$$00000000  c_w.l(libinit.o)
    0x080001f2   0x080001f2   0x00000000   Code   RO         5048    .ARM.Collect$$libinit$$00000002  c_w.l(libinit2.o)
    0x080001f2   0x080001f2   0x00000000   Code   RO         5050    .ARM.Collect$$libinit$$00000004  c_w.l(libinit2.o)
    0x080001f2   0x080001f2   0x00000000   Code   RO         5053    .ARM.Collect$$libinit$$0000000A  c_w.l(libinit2.o)
    0x080001f2   0x080001f2   0x00000000   Code   RO         5055    .ARM.Collect$$libinit$$0000000C  c_w.l(libinit2.o)
    0x080001f2   0x080001f2   0x00000000   Code   RO         5057    .ARM.Collect$$libinit$$0000000E  c_w.l(libinit2.o)
    0x080001f2   0x080001f2   0x00000006   Code   RO         5058    .ARM.Collect$$libinit$$0000000F  c_w.l(libinit2.o)
    0x080001f8   0x080001f8   0x00000000   Code   RO         5060    .ARM.Collect$$libinit$$00000011  c_w.l(libinit2.o)
    0x080001f8   0x080001f8   0x0000000c   Code   RO         5061    .ARM.Collect$$libinit$$00000012  c_w.l(libinit2.o)
    0x08000204   0x08000204   0x00000000   Code   RO         5062    .ARM.Collect$$libinit$$00000013  c_w.l(libinit2.o)
    0x08000204   0x08000204   0x00000000   Code   RO         5064    .ARM.Collect$$libinit$$00000015  c_w.l(libinit2.o)
    0x08000204   0x08000204   0x0000000a   Code   RO         5065    .ARM.Collect$$libinit$$00000016  c_w.l(libinit2.o)
    0x0800020e   0x0800020e   0x00000000   Code   RO         5066    .ARM.Collect$$libinit$$00000017  c_w.l(libinit2.o)
    0x0800020e   0x0800020e   0x00000000   Code   RO         5068    .ARM.Collect$$libinit$$00000019  c_w.l(libinit2.o)
    0x0800020e   0x0800020e   0x00000000   Code   RO         5070    .ARM.Collect$$libinit$$0000001B  c_w.l(libinit2.o)
    0x0800020e   0x0800020e   0x00000000   Code   RO         5072    .ARM.Collect$$libinit$$0000001D  c_w.l(libinit2.o)
    0x0800020e   0x0800020e   0x00000000   Code   RO         5074    .ARM.Collect$$libinit$$0000001F  c_w.l(libinit2.o)
    0x0800020e   0x0800020e   0x00000000   Code   RO         5076    .ARM.Collect$$libinit$$00000021  c_w.l(libinit2.o)
    0x0800020e   0x0800020e   0x00000000   Code   RO         5078    .ARM.Collect$$libinit$$00000023  c_w.l(libinit2.o)
    0x0800020e   0x0800020e   0x00000000   Code   RO         5080    .ARM.Collect$$libinit$$00000025  c_w.l(libinit2.o)
    0x0800020e   0x0800020e   0x00000000   Code   RO         5084    .ARM.Collect$$libinit$$0000002C  c_w.l(libinit2.o)
    0x0800020e   0x0800020e   0x00000000   Code   RO         5086    .ARM.Collect$$libinit$$0000002E  c_w.l(libinit2.o)
    0x0800020e   0x0800020e   0x00000000   Code   RO         5088    .ARM.Collect$$libinit$$00000030  c_w.l(libinit2.o)
    0x0800020e   0x0800020e   0x00000000   Code   RO         5090    .ARM.Collect$$libinit$$00000032  c_w.l(libinit2.o)
    0x0800020e   0x0800020e   0x00000002   Code   RO         5091    .ARM.Collect$$libinit$$00000033  c_w.l(libinit2.o)
    0x08000210   0x08000210   0x00000002   Code   RO         5111    .ARM.Collect$$libshutdown$$00000000  c_w.l(libshutdown.o)
    0x08000212   0x08000212   0x00000000   Code   RO         5124    .ARM.Collect$$libshutdown$$00000002  c_w.l(libshutdown2.o)
    0x08000212   0x08000212   0x00000000   Code   RO         5126    .ARM.Collect$$libshutdown$$00000004  c_w.l(libshutdown2.o)
    0x08000212   0x08000212   0x00000000   Code   RO         5129    .ARM.Collect$$libshutdown$$00000007  c_w.l(libshutdown2.o)
    0x08000212   0x08000212   0x00000000   Code   RO         5132    .ARM.Collect$$libshutdown$$0000000A  c_w.l(libshutdown2.o)
    0x08000212   0x08000212   0x00000000   Code   RO         5134    .ARM.Collect$$libshutdown$$0000000C  c_w.l(libshutdown2.o)
    0x08000212   0x08000212   0x00000000   Code   RO         5137    .ARM.Collect$$libshutdown$$0000000F  c_w.l(libshutdown2.o)
    0x08000212   0x08000212   0x00000002   Code   RO         5138    .ARM.Collect$$libshutdown$$00000010  c_w.l(libshutdown2.o)
    0x08000214   0x08000214   0x00000000   Code   RO         4852    .ARM.Collect$$rtentry$$00000000  c_w.l(__rtentry.o)
    0x08000214   0x08000214   0x00000000   Code   RO         4955    .ARM.Collect$$rtentry$$00000002  c_w.l(__rtentry2.o)
    0x08000214   0x08000214   0x00000006   Code   RO         4967    .ARM.Collect$$rtentry$$00000004  c_w.l(__rtentry4.o)
    0x0800021a   0x0800021a   0x00000000   Code   RO         4957    .ARM.Collect$$rtentry$$00000009  c_w.l(__rtentry2.o)
    0x0800021a   0x0800021a   0x00000004   Code   RO         4958    .ARM.Collect$$rtentry$$0000000A  c_w.l(__rtentry2.o)
    0x0800021e   0x0800021e   0x00000000   Code   RO         4960    .ARM.Collect$$rtentry$$0000000C  c_w.l(__rtentry2.o)
    0x0800021e   0x0800021e   0x00000008   Code   RO         4961    .ARM.Collect$$rtentry$$0000000D  c_w.l(__rtentry2.o)
    0x08000226   0x08000226   0x00000002   Code   RO         5042    .ARM.Collect$$rtexit$$00000000  c_w.l(rtexit.o)
    0x08000228   0x08000228   0x00000000   Code   RO         5093    .ARM.Collect$$rtexit$$00000002  c_w.l(rtexit2.o)
    0x08000228   0x08000228   0x00000004   Code   RO         5094    .ARM.Collect$$rtexit$$00000003  c_w.l(rtexit2.o)
    0x0800022c   0x0800022c   0x00000006   Code   RO         5095    .ARM.Collect$$rtexit$$00000004  c_w.l(rtexit2.o)
    0x08000232   0x08000232   0x00000002   PAD
    0x08000234   0x08000234   0x00000096   Code   RO          910    .emb_text           port.o
    0x080002ca   0x080002ca   0x00000002   PAD
    0x080002cc   0x080002cc   0x00000040   Code   RO          995    .text               startup_stm32f10x_md.o
    0x0800030c   0x0800030c   0x00000024   Code   RO         4836    .text               c_w.l(vsprintf.o)
    0x08000330   0x08000330   0x00000024   Code   RO         4838    .text               c_w.l(strstr.o)
    0x08000354   0x08000354   0x0000004e   Code   RO         4844    .text               c_w.l(rt_memclr_w.o)
    0x080003a2   0x080003a2   0x00000002   PAD
    0x080003a4   0x080003a4   0x00000080   Code   RO         4846    .text               c_w.l(strcmpv7m.o)
    0x08000424   0x08000424   0x00000006   Code   RO         4848    .text               c_w.l(heapauxi.o)
    0x0800042a   0x0800042a   0x0000004e   Code   RO         4855    .text               c_w.l(_printf_pad.o)
    0x08000478   0x08000478   0x00000024   Code   RO         4857    .text               c_w.l(_printf_truncate.o)
    0x0800049c   0x0800049c   0x00000052   Code   RO         4859    .text               c_w.l(_printf_str.o)
    0x080004ee   0x080004ee   0x00000002   PAD
    0x080004f0   0x080004f0   0x00000078   Code   RO         4861    .text               c_w.l(_printf_dec.o)
    0x08000568   0x08000568   0x00000028   Code   RO         4863    .text               c_w.l(_printf_charcount.o)
    0x08000590   0x08000590   0x00000030   Code   RO         4865    .text               c_w.l(_printf_char_common.o)
    0x080005c0   0x080005c0   0x0000000a   Code   RO         4867    .text               c_w.l(_sputc.o)
    0x080005ca   0x080005ca   0x00000002   PAD
    0x080005cc   0x080005cc   0x000000bc   Code   RO         4869    .text               c_w.l(_printf_wctomb.o)
    0x08000688   0x08000688   0x0000007c   Code   RO         4872    .text               c_w.l(_printf_longlong_dec.o)
    0x08000704   0x08000704   0x00000070   Code   RO         4878    .text               c_w.l(_printf_oct_int_ll.o)
    0x08000774   0x08000774   0x00000094   Code   RO         4898    .text               c_w.l(_printf_hex_int_ll_ptr.o)
    0x08000808   0x08000808   0x00000188   Code   RO         4918    .text               c_w.l(__printf_flags_ss_wp.o)
    0x08000990   0x08000990   0x0000008a   Code   RO         4969    .text               c_w.l(lludiv10.o)
    0x08000a1a   0x08000a1a   0x000000b2   Code   RO         4971    .text               c_w.l(_printf_intcommon.o)
    0x08000acc   0x08000acc   0x0000041e   Code   RO         4973    .text               c_w.l(_printf_fp_dec.o)
    0x08000eea   0x08000eea   0x00000002   PAD
    0x08000eec   0x08000eec   0x000002fc   Code   RO         4975    .text               c_w.l(_printf_fp_hex.o)
    0x080011e8   0x080011e8   0x0000002c   Code   RO         4980    .text               c_w.l(_printf_char.o)
    0x08001214   0x08001214   0x0000002c   Code   RO         4982    .text               c_w.l(_printf_wchar.o)
    0x08001240   0x08001240   0x00000040   Code   RO         4985    .text               c_w.l(_wcrtomb.o)
    0x08001280   0x08001280   0x0000004a   Code   RO         4987    .text               c_w.l(sys_stackheap_outer.o)
    0x080012ca   0x080012ca   0x00000002   PAD
    0x080012cc   0x080012cc   0x00000010   Code   RO         4989    .text               c_w.l(rt_ctype_table.o)
    0x080012dc   0x080012dc   0x00000008   Code   RO         4994    .text               c_w.l(rt_locale_intlibspace.o)
    0x080012e4   0x080012e4   0x00000080   Code   RO         4996    .text               c_w.l(_printf_fp_infnan.o)
    0x08001364   0x08001364   0x000000e4   Code   RO         4998    .text               c_w.l(bigflt0.o)
    0x08001448   0x08001448   0x00000012   Code   RO         5026    .text               c_w.l(exit.o)
    0x0800145a   0x0800145a   0x00000002   PAD
    0x0800145c   0x0800145c   0x00000008   Code   RO         5039    .text               c_w.l(libspace.o)
    0x08001464   0x08001464   0x0000000c   Code   RO         5103    .text               c_w.l(sys_exit.o)
    0x08001470   0x08001470   0x00000002   Code   RO         5114    .text               c_w.l(use_no_semi.o)
    0x08001472   0x08001472   0x00000000   Code   RO         5116    .text               c_w.l(indicate_semi.o)
    0x08001472   0x08001472   0x0000003e   Code   RO         5001    CL$$btod_d2e        c_w.l(btod.o)
    0x080014b0   0x080014b0   0x00000046   Code   RO         5003    CL$$btod_d2e_denorm_low  c_w.l(btod.o)
    0x080014f6   0x080014f6   0x00000060   Code   RO         5002    CL$$btod_d2e_norm_op1  c_w.l(btod.o)
    0x08001556   0x08001556   0x00000338   Code   RO         5011    CL$$btod_div_common  c_w.l(btod.o)
    0x0800188e   0x0800188e   0x000000dc   Code   RO         5008    CL$$btod_e2e        c_w.l(btod.o)
    0x0800196a   0x0800196a   0x0000002a   Code   RO         5005    CL$$btod_ediv       c_w.l(btod.o)
    0x08001994   0x08001994   0x0000002a   Code   RO         5004    CL$$btod_emul       c_w.l(btod.o)
    0x080019be   0x080019be   0x00000244   Code   RO         5010    CL$$btod_mult_common  c_w.l(btod.o)
    0x08001c02   0x08001c02   0x00000002   PAD
    0x08001c04   0x08001c04   0x000000fc   Code   RO         1228    i.AS608_Analyse     as608.o
    0x08001d00   0x08001d00   0x00000088   Code   RO         1229    i.AS608_Check_Message  as608.o
    0x08001d88   0x08001d88   0x0000004c   Code   RO         1234    i.AS608_PS_GenChar_1  as608.o
    0x08001dd4   0x08001dd4   0x00000048   Code   RO         1236    i.AS608_PS_GetImage  as608.o
    0x08001e1c   0x08001e1c   0x000000ac   Code   RO         1239    i.AS608_PS_Search   as608.o
    0x08001ec8   0x08001ec8   0x000000f0   Code   RO         1241    i.AS608_Search      as608.o
    0x08001fb8   0x08001fb8   0x00000034   Code   RO         1242    i.AS608_Send_Addr   as608.o
    0x08001fec   0x08001fec   0x00000020   Code   RO         1243    i.AS608_Send_Data   as608.o
    0x0800200c   0x0800200c   0x0000000c   Code   RO         1244    i.AS608_Send_Flag   as608.o
    0x08002018   0x08002018   0x0000001c   Code   RO         1245    i.AS608_Send_Head   as608.o
    0x08002034   0x08002034   0x00000012   Code   RO         1246    i.AS608_Send_Length  as608.o
    0x08002046   0x08002046   0x00000012   Code   RO         1247    i.AS608_Send_Sum    as608.o
    0x08002058   0x08002058   0x00000038   Code   RO         4763    i.AS608_TASK        main.o
    0x08002090   0x08002090   0x00000004   Code   RO          999    i.BusFault_Handler  stm32f10x_it.o
    0x08002094   0x08002094   0x0000001a   Code   RO         1645    i.ClearBitMask      rc522.o
    0x080020ae   0x080020ae   0x00000002   Code   RO         1000    i.DebugMon_Handler  stm32f10x_it.o
    0x080020b0   0x080020b0   0x00000116   Code   RO         2947    i.GPIO_Init         stm32f10x_gpio.o
    0x080021c6   0x080021c6   0x00000012   Code   RO         2951    i.GPIO_ReadInputDataBit  stm32f10x_gpio.o
    0x080021d8   0x080021d8   0x00000004   Code   RO         2954    i.GPIO_ResetBits    stm32f10x_gpio.o
    0x080021dc   0x080021dc   0x00000004   Code   RO         2955    i.GPIO_SetBits      stm32f10x_gpio.o
    0x080021e0   0x080021e0   0x0000000a   Code   RO         2958    i.GPIO_WriteBit     stm32f10x_gpio.o
    0x080021ea   0x080021ea   0x00000004   Code   RO         1001    i.HardFault_Handler  stm32f10x_it.o
    0x080021ee   0x080021ee   0x00000054   Code   RO         1646    i.M500PcdConfigISOType  rc522.o
    0x08002242   0x08002242   0x00000002   PAD
    0x08002244   0x08002244   0x000000c8   Code   RO         1248    i.MY_UART2_Init     as608.o
    0x0800230c   0x0800230c   0x000000cc   Code   RO         1610    i.MY_UART3_Init     myuart3.o
    0x080023d8   0x080023d8   0x00000004   Code   RO         1002    i.MemManage_Handler  stm32f10x_it.o
    0x080023dc   0x080023dc   0x000000bc   Code   RO         1647    i.MyRC522_Orignize  rc522.o
    0x08002498   0x08002498   0x00000002   Code   RO         1003    i.NMI_Handler       stm32f10x_it.o
    0x0800249a   0x0800249a   0x00000002   PAD
    0x0800249c   0x0800249c   0x00000070   Code   RO         1796    i.NVIC_Init         misc.o
    0x0800250c   0x0800250c   0x00000014   Code   RO         1797    i.NVIC_PriorityGroupConfig  misc.o
    0x08002520   0x08002520   0x0000002a   Code   RO         1395    i.OLED_Clear        oled.o
    0x0800254a   0x0800254a   0x00000002   PAD
    0x0800254c   0x0800254c   0x00000038   Code   RO         1397    i.OLED_GPIO_Init    oled.o
    0x08002584   0x08002584   0x0000003e   Code   RO         1398    i.OLED_I2C_SendByte  oled.o
    0x080025c2   0x080025c2   0x0000001c   Code   RO         1399    i.OLED_I2C_Start    oled.o
    0x080025de   0x080025de   0x00000016   Code   RO         1400    i.OLED_I2C_Stop     oled.o
    0x080025f4   0x080025f4   0x00000096   Code   RO         1401    i.OLED_Init         oled.o
    0x0800268a   0x0800268a   0x0000002a   Code   RO         1402    i.OLED_SetCursor    oled.o
    0x080026b4   0x080026b4   0x00000018   Code   RO         1408    i.OLED_W_SCL        oled.o
    0x080026cc   0x080026cc   0x00000018   Code   RO         1409    i.OLED_W_SDA        oled.o
    0x080026e4   0x080026e4   0x00000020   Code   RO         1410    i.OLED_WriteCommand  oled.o
    0x08002704   0x08002704   0x00000020   Code   RO         1411    i.OLED_WriteData    oled.o
    0x08002724   0x08002724   0x0000001a   Code   RO         1649    i.PcdAntennaOn      rc522.o
    0x0800273e   0x0800273e   0x00000070   Code   RO         1650    i.PcdAnticoll       rc522.o
    0x080027ae   0x080027ae   0x00000132   Code   RO         1652    i.PcdComMF522       rc522.o
    0x080028e0   0x080028e0   0x00000054   Code   RO         1655    i.PcdRequest        rc522.o
    0x08002934   0x08002934   0x00000080   Code   RO         1656    i.PcdReset          rc522.o
    0x080029b4   0x080029b4   0x0000002c   Code   RO         1659    i.RC522_Init        rc522.o
    0x080029e0   0x080029e0   0x00000024   Code   RO         4765    i.RC522_TASK        main.o
    0x08002a04   0x08002a04   0x00000020   Code   RO         3363    i.RCC_APB1PeriphClockCmd  stm32f10x_rcc.o
    0x08002a24   0x08002a24   0x00000020   Code   RO         3365    i.RCC_APB2PeriphClockCmd  stm32f10x_rcc.o
    0x08002a44   0x08002a44   0x000000d4   Code   RO         3373    i.RCC_GetClocksFreq  stm32f10x_rcc.o
    0x08002b18   0x08002b18   0x00000034   Code   RO         1660    i.ReadRawRC         rc522.o
    0x08002b4c   0x08002b4c   0x0000002c   Code   RO         1515    i.SG90_GPIO_Init    sg90.o
    0x08002b78   0x08002b78   0x00000070   Code   RO         1516    i.SG90_PWM_Init     sg90.o
    0x08002be8   0x08002be8   0x00000024   Code   RO         4766    i.SG90_TASK         main.o
    0x08002c0c   0x08002c0c   0x00000014   Code   RO         1517    i.SG90_Turn_Angle   sg90.o
    0x08002c20   0x08002c20   0x000000ec   Code   RO         1661    i.SPI1_Init         rc522.o
    0x08002d0c   0x08002d0c   0x00000018   Code   RO         3842    i.SPI_Cmd           stm32f10x_spi.o
    0x08002d24   0x08002d24   0x0000003c   Code   RO         3855    i.SPI_Init          stm32f10x_spi.o
    0x08002d60   0x08002d60   0x0000004c   Code   RO         1662    i.SPI_RC522_ReadByte  rc522.o
    0x08002dac   0x08002dac   0x00000054   Code   RO         1663    i.SPI_RC522_SendByte  rc522.o
    0x08002e00   0x08002e00   0x0000001a   Code   RO         1664    i.SetBitMask        rc522.o
    0x08002e1a   0x08002e1a   0x00000008   Code   RO         1133    i.SetSysClock       system_stm32f10x.o
    0x08002e22   0x08002e22   0x00000002   PAD
    0x08002e24   0x08002e24   0x000000e0   Code   RO         1134    i.SetSysClockTo72   system_stm32f10x.o
    0x08002f04   0x08002f04   0x00000028   Code   RO         1800    i.SysTick_CLKSourceConfig  misc.o
    0x08002f2c   0x08002f2c   0x00000010   Code   RO         1004    i.SysTick_Handler   stm32f10x_it.o
    0x08002f3c   0x08002f3c   0x00000060   Code   RO         1136    i.SystemInit        system_stm32f10x.o
    0x08002f9c   0x08002f9c   0x00000018   Code   RO         3997    i.TIM_Cmd           stm32f10x_tim.o
    0x08002fb4   0x08002fb4   0x0000000c   Code   RO         4024    i.TIM_InternalClockConfig  stm32f10x_tim.o
    0x08002fc0   0x08002fc0   0x0000007c   Code   RO         4041    i.TIM_OC4Init       stm32f10x_tim.o
    0x0800303c   0x0800303c   0x00000014   Code   RO         4044    i.TIM_OCStructInit  stm32f10x_tim.o
    0x08003050   0x08003050   0x00000006   Code   RO         4061    i.TIM_SetCompare4   stm32f10x_tim.o
    0x08003056   0x08003056   0x00000002   PAD
    0x08003058   0x08003058   0x000000a4   Code   RO         4068    i.TIM_TimeBaseInit  stm32f10x_tim.o
    0x080030fc   0x080030fc   0x00000012   Code   RO         4069    i.TIM_TimeBaseStructInit  stm32f10x_tim.o
    0x0800310e   0x0800310e   0x00000002   PAD
    0x08003110   0x08003110   0x0000008c   Code   RO         4767    i.Task_Start        main.o
    0x0800319c   0x0800319c   0x00000098   Code   RO         1540    i.USART1_IRQHandler  esp8266.o
    0x08003234   0x08003234   0x00000098   Code   RO         1249    i.USART2_IRQHandler  as608.o
    0x080032cc   0x080032cc   0x00000098   Code   RO         1611    i.USART3_IRQHandler  myuart3.o
    0x08003364   0x08003364   0x00000012   Code   RO         4529    i.USART_ClearFlag   stm32f10x_usart.o
    0x08003376   0x08003376   0x0000001e   Code   RO         4530    i.USART_ClearITPendingBit  stm32f10x_usart.o
    0x08003394   0x08003394   0x00000018   Code   RO         4533    i.USART_Cmd         stm32f10x_usart.o
    0x080033ac   0x080033ac   0x0000001a   Code   RO         4536    i.USART_GetFlagStatus  stm32f10x_usart.o
    0x080033c6   0x080033c6   0x00000054   Code   RO         4537    i.USART_GetITStatus  stm32f10x_usart.o
    0x0800341a   0x0800341a   0x0000004a   Code   RO         4539    i.USART_ITConfig    stm32f10x_usart.o
    0x08003464   0x08003464   0x000000d8   Code   RO         4540    i.USART_Init        stm32f10x_usart.o
    0x0800353c   0x0800353c   0x0000000a   Code   RO         4547    i.USART_ReceiveData  stm32f10x_usart.o
    0x08003546   0x08003546   0x00000008   Code   RO         4550    i.USART_SendData    stm32f10x_usart.o
    0x0800354e   0x0800354e   0x00000004   Code   RO         1005    i.UsageFault_Handler  stm32f10x_it.o
    0x08003552   0x08003552   0x00000002   PAD
    0x08003554   0x08003554   0x00000030   Code   RO         1666    i.WriteRawRC        rc522.o
    0x08003584   0x08003584   0x00000028   Code   RO         5037    i.__ARM_fpclassify  m_ws.l(fpclassify.o)
    0x080035ac   0x080035ac   0x0000000e   Code   RO         4911    i._is_digit         c_w.l(__printf_wp.o)
    0x080035ba   0x080035ba   0x00000002   PAD
    0x080035bc   0x080035bc   0x00000044   Code   RO         1167    i.delay_init        mydelay.o
    0x08003600   0x08003600   0x00000048   Code   RO         1169    i.delay_us          mydelay.o
    0x08003648   0x08003648   0x00000074   Code   RO         4768    i.main              main.o
    0x080036bc   0x080036bc   0x000000c0   Code   RO          513    i.prvAddCurrentTaskToDelayedList  tasks.o
    0x0800377c   0x0800377c   0x000000e4   Code   RO          514    i.prvAddNewTaskToReadyList  tasks.o
    0x08003860   0x08003860   0x00000048   Code   RO          515    i.prvCheckTasksWaitingTermination  tasks.o
    0x080038a8   0x080038a8   0x00000012   Code   RO          516    i.prvDeleteTCB      tasks.o
    0x080038ba   0x080038ba   0x00000002   PAD
    0x080038bc   0x080038bc   0x00000070   Code   RO          849    i.prvHeapInit       heap_4.o
    0x0800392c   0x0800392c   0x00000028   Code   RO          517    i.prvIdleTask       tasks.o
    0x08003954   0x08003954   0x0000007c   Code   RO          518    i.prvInitialiseNewTask  tasks.o
    0x080039d0   0x080039d0   0x00000068   Code   RO          519    i.prvInitialiseTaskLists  tasks.o
    0x08003a38   0x08003a38   0x00000068   Code   RO          850    i.prvInsertBlockIntoFreeList  heap_4.o
    0x08003aa0   0x08003aa0   0x00000030   Code   RO          520    i.prvResetNextTaskUnblockTime  tasks.o
    0x08003ad0   0x08003ad0   0x00000016   Code   RO          911    i.prvTaskExitError  port.o
    0x08003ae6   0x08003ae6   0x0000001e   Code   RO           45    i.prvTestWaitCondition  event_groups.o
    0x08003b04   0x08003b04   0x000000e4   Code   RO          852    i.pvPortMalloc      heap_4.o
    0x08003be8   0x08003be8   0x00000024   Code   RO          912    i.pxPortInitialiseStack  port.o
    0x08003c0c   0x08003c0c   0x0000004c   Code   RO         1613    i.u3_printf         myuart3.o
    0x08003c58   0x08003c58   0x00000028   Code   RO          137    i.uxListRemove      list.o
    0x08003c80   0x08003c80   0x0000001c   Code   RO          528    i.uxTaskResetEventItemValue  tasks.o
    0x08003c9c   0x08003c9c   0x0000001a   Code   RO          138    i.vListInitialise   list.o
    0x08003cb6   0x08003cb6   0x00000006   Code   RO          139    i.vListInitialiseItem  list.o
    0x08003cbc   0x08003cbc   0x00000034   Code   RO          140    i.vListInsert       list.o
    0x08003cf0   0x08003cf0   0x00000018   Code   RO          141    i.vListInsertEnd    list.o
    0x08003d08   0x08003d08   0x00000024   Code   RO          914    i.vPortEnterCritical  port.o
    0x08003d2c   0x08003d2c   0x00000020   Code   RO          915    i.vPortExitCritical  port.o
    0x08003d4c   0x08003d4c   0x0000004c   Code   RO          853    i.vPortFree         heap_4.o
    0x08003d98   0x08003d98   0x00000018   Code   RO          916    i.vPortSetupTimerInterrupt  port.o
    0x08003db0   0x08003db0   0x00000034   Code   RO          529    i.vTaskDelay        tasks.o
    0x08003de4   0x08003de4   0x000000d4   Code   RO          530    i.vTaskDelete       tasks.o
    0x08003eb8   0x08003eb8   0x00000050   Code   RO          536    i.vTaskPlaceOnUnorderedEventList  tasks.o
    0x08003f08   0x08003f08   0x000000d0   Code   RO          539    i.vTaskRemoveFromUnorderedEventList  tasks.o
    0x08003fd8   0x08003fd8   0x0000006c   Code   RO          542    i.vTaskStartScheduler  tasks.o
    0x08004044   0x08004044   0x00000010   Code   RO          544    i.vTaskSuspendAll   tasks.o
    0x08004054   0x08004054   0x00000060   Code   RO          545    i.vTaskSwitchContext  tasks.o
    0x080040b4   0x080040b4   0x0000001a   Code   RO           50    i.xEventGroupCreate  event_groups.o
    0x080040ce   0x080040ce   0x00000092   Code   RO           52    i.xEventGroupSetBits  event_groups.o
    0x08004160   0x08004160   0x000000cc   Code   RO           54    i.xEventGroupWaitBits  event_groups.o
    0x0800422c   0x0800422c   0x00000034   Code   RO          917    i.xPortStartScheduler  port.o
    0x08004260   0x08004260   0x00000034   Code   RO          918    i.xPortSysTickHandler  port.o
    0x08004294   0x08004294   0x00000068   Code   RO          548    i.xTaskCreate       tasks.o
    0x080042fc   0x080042fc   0x00000020   Code   RO          555    i.xTaskGetSchedulerState  tasks.o
    0x0800431c   0x0800431c   0x00000190   Code   RO          558    i.xTaskIncrementTick  tasks.o
    0x080044ac   0x080044ac   0x0000015c   Code   RO          562    i.xTaskResumeAll    tasks.o
    0x08004608   0x08004608   0x0000002c   Code   RO         5024    locale$$code        c_w.l(lc_numeric_c.o)
    0x08004634   0x08004634   0x0000002c   Code   RO         5045    locale$$code        c_w.l(lc_ctype_c.o)
    0x08004660   0x08004660   0x00000004   Code   RO         4946    x$fpl$printf1       fz_ws.l(printf1.o)
    0x08004664   0x08004664   0x00000004   Code   RO         4948    x$fpl$printf2       fz_ws.l(printf2.o)
    0x08004668   0x08004668   0x00000000   Code   RO         5036    x$fpl$usenofp       fz_ws.l(usenofp.o)
    0x08004668   0x08004668   0x00000008   Data   RO         4870    .constdata          c_w.l(_printf_wctomb.o)
    0x08004670   0x08004670   0x00000028   Data   RO         4899    .constdata          c_w.l(_printf_hex_int_ll_ptr.o)
    0x08004698   0x08004698   0x00000011   Data   RO         4919    .constdata          c_w.l(__printf_flags_ss_wp.o)
    0x080046a9   0x080046a9   0x00000026   Data   RO         4976    .constdata          c_w.l(_printf_fp_hex.o)
    0x080046cf   0x080046cf   0x00000001   PAD
    0x080046d0   0x080046d0   0x00000094   Data   RO         4999    .constdata          c_w.l(bigflt0.o)
    0x08004764   0x08004764   0x00000020   Data   RO         5169    Region$$Table       anon$$obj.o
    0x08004784   0x08004784   0x0000001c   Data   RO         5023    locale$$data        c_w.l(lc_numeric_c.o)
    0x080047a0   0x080047a0   0x00000110   Data   RO         5044    locale$$data        c_w.l(lc_ctype_c.o)


    Execution Region RW_IRAM1 (Exec base: 0x20000000, Load base: 0x080048b0, Size: 0x00004c60, Max: 0x00005000, ABSOLUTE)

    Exec Addr    Load Addr    Size         Type   Attr      Idx    E Section Name        Object

    0x20000000   0x080048b0   0x00000040   Data   RW          565    .data               tasks.o
    0x20000040   0x080048f0   0x0000001c   Data   RW          859    .data               heap_4.o
    0x2000005c   0x0800490c   0x00000004   Data   RW          919    .data               port.o
    0x20000060   0x08004910   0x00000004   Data   RW         1171    .data               mydelay.o
    0x20000064   0x08004914   0x0000000c   Data   RW         1253    .data               as608.o
    0x20000070   0x08004920   0x00000002   Data   RW         1548    .data               esp8266.o
    0x20000072   0x08004922   0x00000002   Data   RW         1615    .data               myuart3.o
    0x20000074   0x08004924   0x0000001e   Data   RW         1668    .data               rc522.o
    0x20000092   0x08004942   0x00000014   Data   RW         3393    .data               stm32f10x_rcc.o
    0x200000a6   0x08004956   0x00000002   PAD
    0x200000a8   0x08004958   0x00000014   Data   RW         4769    .data               main.o
    0x200000bc        -       0x000000c8   Zero   RW          564    .bss                tasks.o
    0x20000184        -       0x00004400   Zero   RW          858    .bss                heap_4.o
    0x20004584        -       0x00000028   Zero   RW         1252    .bss                as608.o
    0x200045ac        -       0x00000028   Zero   RW         1547    .bss                esp8266.o
    0x200045d4        -       0x00000028   Zero   RW         1614    .bss                myuart3.o
    0x200045fc        -       0x00000060   Zero   RW         5040    .bss                c_w.l(libspace.o)
    0x2000465c   0x0800496c   0x00000004   PAD
    0x20004660        -       0x00000200   Zero   RW          993    HEAP                startup_stm32f10x_md.o
    0x20004860        -       0x00000400   Zero   RW          992    STACK               startup_stm32f10x_md.o


==============================================================================

Image component sizes


      Code (inc. data)   RO Data    RW Data    ZI Data      Debug   Object Name

      1460        372          0         12         40       9360   as608.o
         0          0          0          0          0      18620   croutine.o
       152         12          0          2         40       1154   esp8266.o
       406          6          0          0          0      13115   event_groups.o
       520         58          0         28      17408       4215   heap_4.o
       148          0          0          0          0       2902   list.o
       384        102          0         20          0       3328   main.o
       172         22          0          0          0       1785   misc.o
       140         14          0          4          0     204516   mydelay.o
       432         26          0          2         40       2562   myuart3.o
       514         16          0          0          0       5127   oled.o
       404         48          0          4          0       8432   port.o
      1520        122          0         30          0      12289   rc522.o
       176         16          0          0          0       1911   sg90.o
        64         26        236          0       1536        756   startup_stm32f10x_md.o
       314          0          0          0          0       3848   stm32f10x_gpio.o
        36          0          0          0          0      52903   stm32f10x_it.o
       276         32          0         20          0       4114   stm32f10x_rcc.o
        84          0          0          0          0       1933   stm32f10x_spi.o
       368         52          0          0          0       4023   stm32f10x_tim.o
       490          6          0          0          0       6721   stm32f10x_usart.o
       328         28          0          0          0       1701   system_stm32f10x.o
      2510        336          0         64        200      28163   tasks.o

    ----------------------------------------------------------------------
     10916       1294        268        188      19264     393478   Object Totals
         0          0         32          0          0          0   (incl. Generated)
        18          0          0          2          0          0   (incl. Padding)

    ----------------------------------------------------------------------

      Code (inc. data)   RO Data    RW Data    ZI Data      Debug   Library Member Name

         8          0          0          0          0         68   __main.o
       392          4         17          0          0         92   __printf_flags_ss_wp.o
        14          0          0          0          0         68   __printf_wp.o
         0          0          0          0          0          0   __rtentry.o
        12          0          0          0          0          0   __rtentry2.o
         6          0          0          0          0          0   __rtentry4.o
        52          8          0          0          0          0   __scatter.o
        26          0          0          0          0          0   __scatter_copy.o
        28          0          0          0          0          0   __scatter_zi.o
         6          0          0          0          0          0   _printf_a.o
         6          0          0          0          0          0   _printf_c.o
        44          0          0          0          0        108   _printf_char.o
        48          6          0          0          0         96   _printf_char_common.o
        40          0          0          0          0         68   _printf_charcount.o
         6          0          0          0          0          0   _printf_d.o
       120         16          0          0          0         92   _printf_dec.o
         6          0          0          0          0          0   _printf_e.o
         6          0          0          0          0          0   _printf_f.o
      1054          0          0          0          0        216   _printf_fp_dec.o
       764          8         38          0          0        100   _printf_fp_hex.o
       128         16          0          0          0         84   _printf_fp_infnan.o
         6          0          0          0          0          0   _printf_g.o
       148          4         40          0          0        160   _printf_hex_int_ll_ptr.o
         6          0          0          0          0          0   _printf_i.o
       178          0          0          0          0         88   _printf_intcommon.o
        10          0          0          0          0          0   _printf_l.o
         6          0          0          0          0          0   _printf_lc.o
        10          0          0          0          0          0   _printf_ll.o
         6          0          0          0          0          0   _printf_lld.o
         6          0          0          0          0          0   _printf_lli.o
         6          0          0          0          0          0   _printf_llo.o
         6          0          0          0          0          0   _printf_llu.o
         6          0          0          0          0          0   _printf_llx.o
       124         16          0          0          0         92   _printf_longlong_dec.o
         6          0          0          0          0          0   _printf_ls.o
         6          0          0          0          0          0   _printf_n.o
         6          0          0          0          0          0   _printf_o.o
       112         10          0          0          0        124   _printf_oct_int_ll.o
         6          0          0          0          0          0   _printf_p.o
        78          0          0          0          0        108   _printf_pad.o
         0          0          0          0          0          0   _printf_percent.o
         4          0          0          0          0          0   _printf_percent_end.o
         6          0          0          0          0          0   _printf_s.o
        82          0          0          0          0         80   _printf_str.o
        36          0          0          0          0         84   _printf_truncate.o
         6          0          0          0          0          0   _printf_u.o
        44          0          0          0          0        108   _printf_wchar.o
       188          6          8          0          0         92   _printf_wctomb.o
         6          0          0          0          0          0   _printf_x.o
        10          0          0          0          0         68   _sputc.o
        64          0          0          0          0         92   _wcrtomb.o
       228          4        148          0          0         96   bigflt0.o
      1936        128          0          0          0        672   btod.o
        18          0          0          0          0         80   exit.o
         6          0          0          0          0        152   heapauxi.o
         0          0          0          0          0          0   indicate_semi.o
        44         10        272          0          0         76   lc_ctype_c.o
        44         10         28          0          0         76   lc_numeric_c.o
         2          0          0          0          0          0   libinit.o
        30          0          0          0          0          0   libinit2.o
         2          0          0          0          0          0   libshutdown.o
         2          0          0          0          0          0   libshutdown2.o
         8          4          0          0         96         68   libspace.o
       138          0          0          0          0         80   lludiv10.o
        16          4          0          0          0         76   rt_ctype_table.o
         8          4          0          0          0         68   rt_locale_intlibspace.o
        78          0          0          0          0         80   rt_memclr_w.o
         2          0          0          0          0          0   rtexit.o
        10          0          0          0          0          0   rtexit2.o
       128          0          0          0          0         68   strcmpv7m.o
        36          0          0          0          0         80   strstr.o
        12          4          0          0          0         68   sys_exit.o
        74          0          0          0          0         80   sys_stackheap_outer.o
         2          0          0          0          0         68   use_no_semi.o
        36          4          0          0          0         76   vsprintf.o
         4          0          0          0          0         68   printf1.o
         4          0          0          0          0         68   printf2.o
         0          0          0          0          0          0   usenofp.o
        40          0          0          0          0         68   fpclassify.o

    ----------------------------------------------------------------------
      6872        266        552          0        100       4256   Library Totals
        20          0          1          0          4          0   (incl. Padding)

    ----------------------------------------------------------------------

      Code (inc. data)   RO Data    RW Data    ZI Data      Debug   Library Name

      6804        266        551          0         96       4052   c_w.l
         8          0          0          0          0        136   fz_ws.l
        40          0          0          0          0         68   m_ws.l

    ----------------------------------------------------------------------
      6872        266        552          0        100       4256   Library Totals

    ----------------------------------------------------------------------

==============================================================================


      Code (inc. data)   RO Data    RW Data    ZI Data      Debug   

     17788       1560        820        188      19364     388630   Grand Totals
     17788       1560        820        188      19364     388630   ELF Image Totals
     17788       1560        820        188          0          0   ROM Totals

==============================================================================

    Total RO  Size (Code + RO Data)                18608 (  18.17kB)
    Total RW  Size (RW Data + ZI Data)             19552 (  19.09kB)
    Total ROM Size (Code + RO Data + RW Data)      18796 (  18.36kB)

==============================================================================

